<html>
<body>
<pre>
<h1>礦ision Build Log</h1>
<h2>Tool Versions:</h2>
IDE-Version: μVision V5.21.1.0
Copyright (C) 2016 ARM Ltd and ARM Germany GmbH. All rights reserved.
License Information: wang jding, cqupt, LIC=HF8PC-754LC-ZCAJY-I31XA-BUKXB-S54EK
 
Tool Versions:
Toolchain:       MDK-ARM Professional  Version: 5.21a
Toolchain Path:  C:\Keil_v5\ARM\ARMCC\Bin
C Compiler:      Armcc.exe V5.06 update 3 (build 300)
Assembler:       Armasm.exe V5.06 update 3 (build 300)
Linker/Locator:  ArmLink.exe V5.06 update 3 (build 300)
Library Manager: ArmAr.exe V5.06 update 3 (build 300)
Hex Converter:   FromElf.exe V5.06 update 3 (build 300)
CPU DLL:         SARMCM3.DLL V5.21a
Dialog DLL:      DCM.DLL V1.13.8.0
Target DLL:      Segger\JL2CM3.dll V2.99.23.0
Dialog DLL:      TCM.DLL V1.14.14.0
 
<h2>Project:</h2>
C:\Users\jding\OneDrive\代码\直流电机实验V4.1\USER\TIMER.uvprojx
Project File Date:  03/10/2019

<h2>Output:</h2>
*** Using Compiler 'V5.06 update 3 (build 300)', folder: 'C:\Keil_v5\ARM\ARMCC\Bin'
Rebuild target 'TIMER'
compiling stm32f10x_it.c...
compiling system_stm32f10x.c...
compiling main.c...
main.c(171): warning:  #550-D: variable "mo" was set but never used
  	 u8 mo=0;//mo???诩觳?模式?浠?
main.c: 1 warning, 0 errors
compiling v_pid.c...
compiling p_pid.c...
compiling i_pid.c...
compiling led.c...
compiling key.c...
compiling timer.c...
..\HARDWARE\TIMER\timer.c(321): warning:  #177-D: variable "NVIC_InitStructure" was declared but never referenced
  	NVIC_InitTypeDef NVIC_InitStructure;
..\HARDWARE\TIMER\timer.c: 1 warning, 0 errors
compiling adc.c...
compiling motor.c...
compiling DataScope_DP.C...
..\HARDWARE\DataScope_DP\DataScope_DP.C(63): warning:  #111-D: statement is unreachable
  		 case 1:   DataScope_OutPut_Buffer[5]  =  5; return  6; break;   
..\HARDWARE\DataScope_DP\DataScope_DP.C(64): warning:  #111-D: statement is unreachable
  		 case 2:   DataScope_OutPut_Buffer[9]  =  9; return 10; break;
..\HARDWARE\DataScope_DP\DataScope_DP.C(65): warning:  #111-D: statement is unreachable
  		 case 3:   DataScope_OutPut_Buffer[13] = 13; return 14; break;
..\HARDWARE\DataScope_DP\DataScope_DP.C(66): warning:  #111-D: statement is unreachable
  		 case 4:   DataScope_OutPut_Buffer[17] = 17; return 18; break;
..\HARDWARE\DataScope_DP\DataScope_DP.C(67): warning:  #111-D: statement is unreachable
  		 case 5:   DataScope_OutPut_Buffer[21] = 21; return 22; break; 
..\HARDWARE\DataScope_DP\DataScope_DP.C(68): warning:  #111-D: statement is unreachable
  		 case 6:   DataScope_OutPut_Buffer[25] = 25; return 26; break;
..\HARDWARE\DataScope_DP\DataScope_DP.C(69): warning:  #111-D: statement is unreachable
  		 case 7:   DataScope_OutPut_Buffer[29] = 29; return 30; break;
..\HARDWARE\DataScope_DP\DataScope_DP.C(70): warning:  #111-D: statement is unreachable
  		 case 8:   DataScope_OutPut_Buffer[33] = 33; return 34; break;
..\HARDWARE\DataScope_DP\DataScope_DP.C(71): warning:  #111-D: statement is unreachable
  		 case 9:   DataScope_OutPut_Buffer[37] = 37; return 38; break;
..\HARDWARE\DataScope_DP\DataScope_DP.C(72): warning:  #111-D: statement is unreachable
       case 10:  DataScope_OutPut_Buffer[41] = 41; return 42; break;
..\HARDWARE\DataScope_DP\DataScope_DP.C: 10 warnings, 0 errors
compiling lcd.c...
compiling can.c...
compiling dma.c...
compiling delay.c...
compiling core_cm3.c...
compiling sys.c...
assembling startup_stm32f10x_hd.s...
compiling usart.c...
compiling misc.c...
compiling stm32f10x_gpio.c...
compiling stm32f10x_rcc.c...
compiling stm32f10x_usart.c...
compiling stm32f10x_tim.c...
compiling stm32f10x_fsmc.c...
compiling stm32f10x_adc.c...
compiling stm32f10x_exti.c...
compiling stm32f10x_can.c...
compiling stm32f10x_dma.c...
compiling usb_init.c...
compiling usb_core.c...
compiling usb_mem.c...
compiling usb_int.c...
compiling usb_regs.c...
compiling usb_sil.c...
compiling hw_config.c...
compiling usb_desc.c...
compiling usb_endp.c...
compiling usb_istr.c...
compiling usb_prop.c...
compiling usb_pwr.c...
linking...
Program Size: Code=52906 RO-data=7106 RW-data=560 ZI-data=3552  
FromELF: creating hex file...
"..\OBJ\TIMER.axf" - 0 Error(s), 12 Warning(s).

<h2>Collection of Component include folders:</h2>
  C:\Users\jding\OneDrive\代码\直流电机实验V4.1\USER\RTE
  C:\Keil_v5\ARM\PACK\Keil\STM32F1xx_DFP\2.2.0\Device\Include

<h2>Collection of Component Files used:</h2>
Build Time Elapsed:  00:00:14
</pre>
</body>
</html>
