<html>
<body>
<pre>
<h1>礦ision Build Log</h1>
<h2>Tool Versions:</h2>
IDE-Version: μVision V5.21.1.0
Copyright (C) 2016 ARM Ltd and ARM Germany GmbH. All rights reserved.
License Information: wang jding, cqupt, LIC=HF8PC-754LC-ZCAJY-I31XA-BUKXB-S54EK
 
Tool Versions:
Toolchain:       MDK-ARM Professional  Version: 5.21a
Toolchain Path:  C:\Keil_v5\ARM\ARMCC\Bin
C Compiler:      Armcc.exe V5.06 update 3 (build 300)
Assembler:       Armasm.exe V5.06 update 3 (build 300)
Linker/Locator:  ArmLink.exe V5.06 update 3 (build 300)
Library Manager: ArmAr.exe V5.06 update 3 (build 300)
Hex Converter:   FromElf.exe V5.06 update 3 (build 300)
CPU DLL:         SARMCM3.DLL V5.21a
Dialog DLL:      DARMSTM.DLL V1.66.0.1
Target DLL:      Segger\JL2CM3.dll V2.99.23.0
Dialog DLL:      TARMSTM.DLL V1.65.0.0
 
<h2>Project:</h2>
C:\Users\jding\Desktop\直流相关\直流电机串口位置PID实验\USER\TIMER.uvprojx
Project File Date:  10/05/2018

<h2>Output:</h2>
*** Using Compiler 'V5.06 update 3 (build 300)', folder: 'C:\Keil_v5\ARM\ARMCC\Bin'
Rebuild target 'TIMER'
compiling stm32f10x_it.c...
compiling system_stm32f10x.c...
compiling main.c...
main.c(52): warning:  #177-D: variable "t" was declared but never referenced
   	u16 t,i;
main.c(52): warning:  #177-D: variable "i" was declared but never referenced
   	u16 t,i;
main.c(53): warning:  #177-D: variable "num" was declared but never referenced
  	 long num,sendnum;  
main.c(53): warning:  #177-D: variable "sendnum" was declared but never referenced
  	 long num,sendnum;  
main.c(54): warning:  #177-D: variable "len" was declared but never referenced
  	u16 len;	
main.c: 5 warnings, 0 errors
compiling v_pid.c...
compiling p_pid.c...
compiling led.c...
compiling key.c...
compiling timer.c...
compiling lcd.c...
compiling delay.c...
compiling motor.c...
compiling core_cm3.c...
compiling usart.c...
compiling sys.c...
assembling startup_stm32f10x_hd.s...
compiling misc.c...
compiling stm32f10x_gpio.c...
compiling stm32f10x_rcc.c...
compiling stm32f10x_usart.c...
compiling stm32f10x_fsmc.c...
compiling stm32f10x_tim.c...
linking...
Program Size: Code=11092 RO-data=336 RW-data=104 ZI-data=1848  
FromELF: creating hex file...
"..\OBJ\TIMER.axf" - 0 Error(s), 5 Warning(s).

<h2>Collection of Component include folders:</h2>
  C:\Users\jding\Desktop\直流相关\直流电机串口位置PID实验\USER\RTE
  C:\Keil_v5\ARM\PACK\Keil\STM32F1xx_DFP\2.2.0\Device\Include

<h2>Collection of Component Files used:</h2>
Build Time Elapsed:  00:00:06
</pre>
</body>
</html>
