Component: ARM Compiler 5.06 update 3 (build 300) Tool: armlink [4d35c9]

==============================================================================

Section Cross References

    main.o(.text) refers to delay.o(.text) for delay_init
    main.o(.text) refers to misc.o(.text) for NVIC_PriorityGroupConfig
    main.o(.text) refers to usart.o(.text) for uart_init
    main.o(.text) refers to led.o(.text) for LED_Init
    main.o(.text) refers to lcd.o(.text) for LCD_Init
    main.o(.text) refers to adc.o(.text) for Adc_Init
    main.o(.text) refers to motor.o(.text) for TIM1_PWM_Init
    main.o(.text) refers to timer.o(.text) for TIM2_Int_Init
    main.o(.text) refers to lcd.o(.data) for POINT_COLOR
    main.o(.text) refers to main.o(.data) for MODE
    main.o(.text) refers to i_pid.o(.data) for PID_i_add1
    main.o(.text) refers to v_pid.o(.data) for PID_v_add_set1
    system_stm32f10x.o(.text) refers to system_stm32f10x.o(.data) for SystemCoreClock
    v_pid.o(.text) refers to dflt_clz.o(x$fpl$dflt) for __aeabi_i2d
    v_pid.o(.text) refers to dmul.o(x$fpl$dmul) for __aeabi_dmul
    v_pid.o(.text) refers to dfix.o(x$fpl$dfix) for __aeabi_d2iz
    v_pid.o(.text) refers to i_pid.o(.text) for Motor_ctl_Current
    v_pid.o(.text) refers to motor.o(.text) for Motor_pwm1_set
    v_pid.o(.text) refers to v_pid.o(.bss) for PID_M1
    v_pid.o(.text) refers to main.o(.data) for set_velocity1
    v_pid.o(.text) refers to v_pid.o(.data) for PID_v_add1
    p_pid.o(.text) refers to fflt_clz.o(x$fpl$fflt) for __aeabi_i2f
    p_pid.o(.text) refers to faddsub_clz.o(x$fpl$fsub) for __aeabi_fsub
    p_pid.o(.text) refers to fmul.o(x$fpl$fmul) for __aeabi_fmul
    p_pid.o(.text) refers to faddsub_clz.o(x$fpl$frsb) for __aeabi_frsub
    p_pid.o(.text) refers to faddsub_clz.o(x$fpl$fadd) for __aeabi_fadd
    p_pid.o(.text) refers to ffix.o(x$fpl$ffix) for __aeabi_f2iz
    p_pid.o(.text) refers to v_pid.o(.text) for Motor_ctl_Velocity
    p_pid.o(.text) refers to motor.o(.text) for Motor_pwm1_set
    p_pid.o(.text) refers to p_pid.o(.bss) for PID_P1
    p_pid.o(.text) refers to main.o(.data) for user_Set_Position1
    p_pid.o(.text) refers to p_pid.o(.data) for PID_P_add1
    i_pid.o(.text) refers to fflt_clz.o(x$fpl$fflt) for __aeabi_i2f
    i_pid.o(.text) refers to faddsub_clz.o(x$fpl$fsub) for __aeabi_fsub
    i_pid.o(.text) refers to f2d.o(x$fpl$f2d) for __aeabi_f2d
    i_pid.o(.text) refers to dmul.o(x$fpl$dmul) for __aeabi_dmul
    i_pid.o(.text) refers to dfix.o(x$fpl$dfix) for __aeabi_d2iz
    i_pid.o(.text) refers to fmul.o(x$fpl$fmul) for __aeabi_fmul
    i_pid.o(.text) refers to faddsub_clz.o(x$fpl$frsb) for __aeabi_frsub
    i_pid.o(.text) refers to faddsub_clz.o(x$fpl$fadd) for __aeabi_fadd
    i_pid.o(.text) refers to ffix.o(x$fpl$ffix) for __aeabi_f2iz
    i_pid.o(.text) refers to motor.o(.text) for Motor_pwm1_set
    i_pid.o(.text) refers to i_pid.o(.bss) for PID_I1
    i_pid.o(.text) refers to main.o(.data) for Set_Current1
    i_pid.o(.text) refers to i_pid.o(.data) for PID_i_add1
    led.o(.text) refers to stm32f10x_rcc.o(.text) for RCC_APB2PeriphClockCmd
    led.o(.text) refers to stm32f10x_gpio.o(.text) for GPIO_Init
    key.o(.text) refers to stm32f10x_rcc.o(.text) for RCC_APB2PeriphClockCmd
    key.o(.text) refers to stm32f10x_gpio.o(.text) for GPIO_Init
    key.o(.text) refers to delay.o(.text) for delay_ms
    key.o(.text) refers to key.o(.data) for key_up
    timer.o(.text) refers to stm32f10x_rcc.o(.text) for RCC_APB1PeriphClockCmd
    timer.o(.text) refers to stm32f10x_gpio.o(.text) for GPIO_Init
    timer.o(.text) refers to stm32f10x_tim.o(.text) for TIM_DeInit
    timer.o(.text) refers to misc.o(.text) for NVIC_Init
    timer.o(.text) refers to timer.o(.data) for Old_Could1
    timer.o(.text) refers to main.o(.data) for now_velocity1
    timer.o(.text) refers to p_pid.o(.text) for Motor_ctl_Position
    timer.o(.text) refers to v_pid.o(.text) for Motor_ctl_Velocity
    timer.o(.text) refers to i_pid.o(.text) for Motor_ctl_Current
    lcd.o(.text) refers to _printf_percent.o(.ARM.Collect$$_printf_percent$$00000000) for _printf_percent
    lcd.o(.text) refers to _printf_x.o(.ARM.Collect$$_printf_percent$$0000000C) for _printf_x
    lcd.o(.text) refers to _printf_hex_int_ll_ptr.o(.text) for _printf_longlong_hex
    lcd.o(.text) refers to delay.o(.text) for delay_us
    lcd.o(.text) refers to lcd.o(.bss) for lcddev
    lcd.o(.text) refers to lcd.o(.data) for POINT_COLOR
    lcd.o(.text) refers to dflt_clz.o(x$fpl$dfltu) for __aeabi_ui2d
    lcd.o(.text) refers to dmul.o(x$fpl$dmul) for __aeabi_dmul
    lcd.o(.text) refers to dfixu.o(x$fpl$dfixu) for __aeabi_d2uiz
    lcd.o(.text) refers to stm32f10x_rcc.o(.text) for RCC_AHBPeriphClockCmd
    lcd.o(.text) refers to stm32f10x_gpio.o(.text) for GPIO_Init
    lcd.o(.text) refers to stm32f10x_fsmc.o(.text) for FSMC_NORSRAMInit
    lcd.o(.text) refers to __2printf.o(.text) for __2printf
    lcd.o(.text) refers to lcd.o(.constdata) for asc2_1206
[...]
    uart_init                                0x08006c31   Thumb Code   154  usart.o(.text)
    USART1_IRQHandler                        0x08006ccb   Thumb Code   122  usart.o(.text)
    Reset_Handler                            0x08006d55   Thumb Code     8  startup_stm32f10x_hd.o(.text)
    ADC1_2_IRQHandler                        0x08006d6f   Thumb Code     0  startup_stm32f10x_hd.o(.text)
    ADC3_IRQHandler                          0x08006d6f   Thumb Code     0  startup_stm32f10x_hd.o(.text)
    CAN1_RX1_IRQHandler                      0x08006d6f   Thumb Code     0  startup_stm32f10x_hd.o(.text)
    CAN1_SCE_IRQHandler                      0x08006d6f   Thumb Code     0  startup_stm32f10x_hd.o(.text)
    DMA1_Channel1_IRQHandler                 0x08006d6f   Thumb Code     0  startup_stm32f10x_hd.o(.text)
    DMA1_Channel2_IRQHandler                 0x08006d6f   Thumb Code     0  startup_stm32f10x_hd.o(.text)
    DMA1_Channel3_IRQHandler                 0x08006d6f   Thumb Code     0  startup_stm32f10x_hd.o(.text)
    DMA1_Channel4_IRQHandler                 0x08006d6f   Thumb Code     0  startup_stm32f10x_hd.o(.text)
    DMA1_Channel5_IRQHandler                 0x08006d6f   Thumb Code     0  startup_stm32f10x_hd.o(.text)
    DMA1_Channel6_IRQHandler                 0x08006d6f   Thumb Code     0  startup_stm32f10x_hd.o(.text)
    DMA1_Channel7_IRQHandler                 0x08006d6f   Thumb Code     0  startup_stm32f10x_hd.o(.text)
    DMA2_Channel1_IRQHandler                 0x08006d6f   Thumb Code     0  startup_stm32f10x_hd.o(.text)
    DMA2_Channel2_IRQHandler                 0x08006d6f   Thumb Code     0  startup_stm32f10x_hd.o(.text)
    DMA2_Channel3_IRQHandler                 0x08006d6f   Thumb Code     0  startup_stm32f10x_hd.o(.text)
    DMA2_Channel4_5_IRQHandler               0x08006d6f   Thumb Code     0  startup_stm32f10x_hd.o(.text)
    EXTI0_IRQHandler                         0x08006d6f   Thumb Code     0  startup_stm32f10x_hd.o(.text)
    EXTI15_10_IRQHandler                     0x08006d6f   Thumb Code     0  startup_stm32f10x_hd.o(.text)
    EXTI1_IRQHandler                         0x08006d6f   Thumb Code     0  startup_stm32f10x_hd.o(.text)
    EXTI2_IRQHandler                         0x08006d6f   Thumb Code     0  startup_stm32f10x_hd.o(.text)
    EXTI3_IRQHandler                         0x08006d6f   Thumb Code     0  startup_stm32f10x_hd.o(.text)
    EXTI4_IRQHandler                         0x08006d6f   Thumb Code     0  startup_stm32f10x_hd.o(.text)
    EXTI9_5_IRQHandler                       0x08006d6f   Thumb Code     0  startup_stm32f10x_hd.o(.text)
    FLASH_IRQHandler                         0x08006d6f   Thumb Code     0  startup_stm32f10x_hd.o(.text)
    FSMC_IRQHandler                          0x08006d6f   Thumb Code     0  startup_stm32f10x_hd.o(.text)
    I2C1_ER_IRQHandler                       0x08006d6f   Thumb Code     0  startup_stm32f10x_hd.o(.text)
    I2C1_EV_IRQHandler                       0x08006d6f   Thumb Code     0  startup_stm32f10x_hd.o(.text)
    I2C2_ER_IRQHandler                       0x08006d6f   Thumb Code     0  startup_stm32f10x_hd.o(.text)
    I2C2_EV_IRQHandler                       0x08006d6f   Thumb Code     0  startup_stm32f10x_hd.o(.text)
    PVD_IRQHandler                           0x08006d6f   Thumb Code     0  startup_stm32f10x_hd.o(.text)
    RCC_IRQHandler                           0x08006d6f   Thumb Code     0  startup_stm32f10x_hd.o(.text)
    RTCAlarm_IRQHandler                      0x08006d6f   Thumb Code     0  startup_stm32f10x_hd.o(.text)
    RTC_IRQHandler                           0x08006d6f   Thumb Code     0  startup_stm32f10x_hd.o(.text)
    SDIO_IRQHandler                          0x08006d6f   Thumb Code     0  startup_stm32f10x_hd.o(.text)
    SPI1_IRQHandler                          0x08006d6f   Thumb Code     0  startup_stm32f10x_hd.o(.text)
    SPI2_IRQHandler                          0x08006d6f   Thumb Code     0  startup_stm32f10x_hd.o(.text)
    SPI3_IRQHandler                          0x08006d6f   Thumb Code     0  startup_stm32f10x_hd.o(.text)
    TAMPER_IRQHandler                        0x08006d6f   Thumb Code     0  startup_stm32f10x_hd.o(.text)
    TIM1_BRK_IRQHandler                      0x08006d6f   Thumb Code     0  startup_stm32f10x_hd.o(.text)
    TIM1_CC_IRQHandler                       0x08006d6f   Thumb Code     0  startup_stm32f10x_hd.o(.text)
    TIM1_TRG_COM_IRQHandler                  0x08006d6f   Thumb Code     0  startup_stm32f10x_hd.o(.text)
    TIM1_UP_IRQHandler                       0x08006d6f   Thumb Code     0  startup_stm32f10x_hd.o(.text)
    TIM6_IRQHandler                          0x08006d6f   Thumb Code     0  startup_stm32f10x_hd.o(.text)
    TIM7_IRQHandler                          0x08006d6f   Thumb Code     0  startup_stm32f10x_hd.o(.text)
    TIM8_BRK_IRQHandler                      0x08006d6f   Thumb Code     0  startup_stm32f10x_hd.o(.text)
    TIM8_CC_IRQHandler                       0x08006d6f   Thumb Code     0  startup_stm32f10x_hd.o(.text)
    TIM8_TRG_COM_IRQHandler                  0x08006d6f   Thumb Code     0  startup_stm32f10x_hd.o(.text)
    TIM8_UP_IRQHandler                       0x08006d6f   Thumb Code     0  startup_stm32f10x_hd.o(.text)
    UART4_IRQHandler                         0x08006d6f   Thumb Code     0  startup_stm32f10x_hd.o(.text)
    UART5_IRQHandler                         0x08006d6f   Thumb Code     0  startup_stm32f10x_hd.o(.text)
    USART2_IRQHandler                        0x08006d6f   Thumb Code     0  startup_stm32f10x_hd.o(.text)
    USART3_IRQHandler                        0x08006d6f   Thumb Code     0  startup_stm32f10x_hd.o(.text)
    USB_HP_CAN1_TX_IRQHandler                0x08006d6f   Thumb Code     0  startup_stm32f10x_hd.o(.text)
    WWDG_IRQHandler                          0x08006d6f   Thumb Code     0  startup_stm32f10x_hd.o(.text)
    __user_initial_stackheap                 0x08006d71   Thumb Code     0  startup_stm32f10x_hd.o(.text)
    NVIC_PriorityGroupConfig                 0x08006d95   Thumb Code    10  misc.o(.text)
    NVIC_Init                                0x08006d9f   Thumb Code   100  misc.o(.text)
    NVIC_SetVectorTable                      0x08006e03   Thumb Code    14  misc.o(.text)
    NVIC_SystemLPConfig                      0x08006e11   Thumb Code    34  misc.o(.text)
    SysTick_CLKSourceConfig                  0x08006e33   Thumb Code    40  misc.o(.text)
    GPIO_DeInit                              0x08006e71   Thumb Code   172  stm32f10x_gpio.o(.text)
    GPIO_AFIODeInit                          0x08006f1d   Thumb Code    20  stm32f10x_gpio.o(.text)
    GPIO_Init                                0x08006f31   Thumb Code   278  stm32f10x_gpio.o(.text)
    GPIO_StructInit                          0x08007047   Thumb Code    16  stm32f10x_gpio.o(.text)
    GPIO_ReadInputDataBit                    0x08007057   Thumb Code    18  stm32f10x_gpio.o(.text)
    GPIO_ReadInputData                       0x08007069   Thumb Code     8  stm32f10x_gpio.o(.text)
    GPIO_ReadOutputDataBit                   0x08007071   Thumb Code    18  stm32f10x_gpio.o(.text)
    GPIO_ReadOutputData                      0x08007083   Thumb Code     8  stm32f10x_gpio.o(.text)
    GPIO_SetBits                             0x0800708b   Thumb Code     4  stm32f10x_gpio.o(.text)
    GPIO_ResetBits                           0x0800708f   Thumb Code     4  stm32f10x_gpio.o(.text)
    GPIO_WriteBit                            0x08007093   Thumb Code    10  stm32f10x_gpio.o(.text)
    GPIO_Write                               0x0800709d   Thumb Code     4  stm32f10x_gpio.o(.text)
    GPIO_PinLockConfig                       0x080070a1   Thumb Code    18  stm32f10x_gpio.o(.text)
    GPIO_EventOutputConfig                   0x080070b3   Thumb Code    26  stm32f10x_gpio.o(.text)
    GPIO_EventOutputCmd                      0x080070cd   Thumb Code     6  stm32f10x_gpio.o(.text)
    GPIO_PinRemapConfig                      0x080070d3   Thumb Code   138  stm32f10x_gpio.o(.text)
    GPIO_EXTILineConfig                      0x0800715d   Thumb Code    66  stm32f10x_gpio.o(.text)
    GPIO_ETH_MediaInterfaceConfig            0x0800719f   Thumb Code     8  stm32f10x_gpio.o(.text)
    RCC_DeInit                               0x080071cd   Thumb Code    64  stm32f10x_rcc.o(.text)
    RCC_HSEConfig                            0x0800720d   Thumb Code    70  stm32f10x_rcc.o(.text)
    RCC_GetFlagStatus                        0x08007253   Thumb Code    56  stm32f10x_rcc.o(.text)
    RCC_WaitForHSEStartUp                    0x0800728b   Thumb Code    56  stm32f10x_rcc.o(.text)
    RCC_AdjustHSICalibrationValue            0x080072c3   Thumb Code    20  stm32f10x_rcc.o(.text)
    RCC_HSICmd                               0x080072d7   Thumb Code     6  stm32f10x_rcc.o(.text)
    RCC_PLLConfig                            0x080072dd   Thumb Code    24  stm32f10x_rcc.o(.text)
    RCC_PLLCmd                               0x080072f5   Thumb Code     6  stm32f10x_rcc.o(.text)
    RCC_SYSCLKConfig                         0x080072fb   Thumb Code    18  stm32f10x_rcc.o(.text)
    RCC_GetSYSCLKSource                      0x0800730d   Thumb Code    10  stm32f10x_rcc.o(.text)
    RCC_HCLKConfig                           0x08007317   Thumb Code    18  stm32f10x_rcc.o(.text)
    RCC_PCLK1Config                          0x08007329   Thumb Code    18  stm32f10x_rcc.o(.text)
    RCC_PCLK2Config                          0x0800733b   Thumb Code    20  stm32f10x_rcc.o(.text)
    RCC_ITConfig                             0x0800734f   Thumb Code    26  stm32f10x_rcc.o(.text)
    RCC_USBCLKConfig                         0x08007369   Thumb Code     8  stm32f10x_rcc.o(.text)
    RCC_ADCCLKConfig                         0x08007371   Thumb Code    18  stm32f10x_rcc.o(.text)
    RCC_LSEConfig                            0x08007383   Thumb Code    50  stm32f10x_rcc.o(.text)
    RCC_LSICmd                               0x080073b5   Thumb Code     6  stm32f10x_rcc.o(.text)
    RCC_RTCCLKConfig                         0x080073bb   Thumb Code    12  stm32f10x_rcc.o(.text)
    RCC_RTCCLKCmd                            0x080073c7   Thumb Code     8  stm32f10x_rcc.o(.text)
    RCC_GetClocksFreq                        0x080073cf   Thumb Code   192  stm32f10x_rcc.o(.text)
    RCC_AHBPeriphClockCmd                    0x0800748f   Thumb Code    26  stm32f10x_rcc.o(.text)
    RCC_APB2PeriphClockCmd                   0x080074a9   Thumb Code    26  stm32f10x_rcc.o(.text)
    RCC_APB1PeriphClockCmd                   0x080074c3   Thumb Code    26  stm32f10x_rcc.o(.text)
    RCC_APB2PeriphResetCmd                   0x080074dd   Thumb Code    26  stm32f10x_rcc.o(.text)
    RCC_APB1PeriphResetCmd                   0x080074f7   Thumb Code    26  stm32f10x_rcc.o(.text)
    RCC_BackupResetCmd                       0x08007511   Thumb Code     8  stm32f10x_rcc.o(.text)
    RCC_ClockSecuritySystemCmd               0x08007519   Thumb Code     6  stm32f10x_rcc.o(.text)
    RCC_MCOConfig                            0x0800751f   Thumb Code     6  stm32f10x_rcc.o(.text)
    RCC_ClearFlag                            0x08007525   Thumb Code    14  stm32f10x_rcc.o(.text)
    RCC_GetITStatus                          0x08007533   Thumb Code    20  stm32f10x_rcc.o(.text)
    RCC_ClearITPendingBit                    0x08007547   Thumb Code     6  stm32f10x_rcc.o(.text)
    TIM_DeInit                               0x08007571   Thumb Code   424  stm32f10x_tim.o(.text)
    TIM_TimeBaseInit                         0x08007719   Thumb Code   122  stm32f10x_tim.o(.text)
    TIM_OC1Init                              0x08007793   Thumb Code   132  stm32f10x_tim.o(.text)
    TIM_OC2Init                              0x08007817   Thumb Code   154  stm32f10x_tim.o(.text)
    TIM_OC3Init                              0x080078b1   Thumb Code   150  stm32f10x_tim.o(.text)
    TIM_OC4Init                              0x08007947   Thumb Code   182  stm32f10x_tim.o(.text)
    TIM_SetIC4Prescaler                      0x080079fd   Thumb Code    26  stm32f10x_tim.o(.text)
    TIM_SetIC3Prescaler                      0x08007a99   Thumb Code    18  stm32f10x_tim.o(.text)
    TIM_SetIC2Prescaler                      0x08007b25   Thumb Code    26  stm32f10x_tim.o(.text)
    TIM_SetIC1Prescaler                      0x08007bc1   Thumb Code    18  stm32f10x_tim.o(.text)
    TIM_ICInit                               0x08007c3f   Thumb Code   150  stm32f10x_tim.o(.text)
    TIM_PWMIConfig                           0x08007cd5   Thumb Code   124  stm32f10x_tim.o(.text)
    TIM_BDTRConfig                           0x08007d51   Thumb Code    32  stm32f10x_tim.o(.text)
    TIM_TimeBaseStructInit                   0x08007d71   Thumb Code    18  stm32f10x_tim.o(.text)
    TIM_OCStructInit                         0x08007d83   Thumb Code    20  stm32f10x_tim.o(.text)
    TIM_ICStructInit                         0x08007d97   Thumb Code    18  stm32f10x_tim.o(.text)
    TIM_BDTRStructInit                       0x08007da9   Thumb Code    40  stm32f10x_tim.o(.text)
    TIM_Cmd                                  0x08007dd1   Thumb Code    24  stm32f10x_tim.o(.text)
    TIM_CtrlPWMOutputs                       0x08007de9   Thumb Code    30  stm32f10x_tim.o(.text)
    TIM_ITConfig                             0x08007e07   Thumb Code    18  stm32f10x_tim.o(.text)
    TIM_GenerateEvent                        0x08007e19   Thumb Code     4  stm32f10x_tim.o(.text)
    TIM_DMAConfig                            0x08007e1d   Thumb Code    10  stm32f10x_tim.o(.text)
    TIM_DMACmd                               0x08007e27   Thumb Code    18  stm32f10x_tim.o(.text)
    TIM_InternalClockConfig                  0x08007e39   Thumb Code    12  stm32f10x_tim.o(.text)
    TIM_SelectInputTrigger                   0x08007e45   Thumb Code    18  stm32f10x_tim.o(.text)
    TIM_ITRxExternalClockConfig              0x08007e57   Thumb Code    24  stm32f10x_tim.o(.text)
    TIM_TIxExternalClockConfig               0x08007e6f   Thumb Code    62  stm32f10x_tim.o(.text)
    TIM_ETRConfig                            0x08007ead   Thumb Code    28  stm32f10x_tim.o(.text)
    TIM_ETRClockMode1Config                  0x08007ec9   Thumb Code    54  stm32f10x_tim.o(.text)
    TIM_ETRClockMode2Config                  0x08007eff   Thumb Code    32  stm32f10x_tim.o(.text)
    TIM_PrescalerConfig                      0x08007f1f   Thumb Code     6  stm32f10x_tim.o(.text)
    TIM_CounterModeConfig                    0x08007f25   Thumb Code    18  stm32f10x_tim.o(.text)
    TIM_EncoderInterfaceConfig               0x08007f37   Thumb Code    66  stm32f10x_tim.o(.text)
    TIM_ForcedOC1Config                      0x08007f79   Thumb Code    18  stm32f10x_tim.o(.text)
    TIM_ForcedOC2Config                      0x08007f8b   Thumb Code    26  stm32f10x_tim.o(.text)
    TIM_ForcedOC3Config                      0x08007fa5   Thumb Code    18  stm32f10x_tim.o(.text)
    TIM_ForcedOC4Config                      0x08007fb7   Thumb Code    26  stm32f10x_tim.o(.text)
    TIM_ARRPreloadConfig                     0x08007fd1   Thumb Code    24  stm32f10x_tim.o(.text)
    TIM_SelectCOM                            0x08007fe9   Thumb Code    24  stm32f10x_tim.o(.text)
    TIM_SelectCCDMA                          0x08008001   Thumb Code    24  stm32f10x_tim.o(.text)
    TIM_CCPreloadControl                     0x08008019   Thumb Code    24  stm32f10x_tim.o(.text)
    TIM_OC1PreloadConfig                     0x08008031   Thumb Code    18  stm32f10x_tim.o(.text)
    TIM_OC2PreloadConfig                     0x08008043   Thumb Code    26  stm32f10x_tim.o(.text)
    TIM_OC3PreloadConfig                     0x0800805d   Thumb Code    18  stm32f10x_tim.o(.text)
    TIM_OC4PreloadConfig                     0x0800806f   Thumb Code    26  stm32f10x_tim.o(.text)
    TIM_OC1FastConfig                        0x08008089   Thumb Code    18  stm32f10x_tim.o(.text)
    TIM_OC2FastConfig                        0x0800809b   Thumb Code    26  stm32f10x_tim.o(.text)
    TIM_OC3FastConfig                        0x080080b5   Thumb Code    18  stm32f10x_tim.o(.text)
    TIM_OC4FastConfig                        0x080080c7   Thumb Code    26  stm32f10x_tim.o(.text)
    TIM_ClearOC1Ref                          0x080080e1   Thumb Code    18  stm32f10x_tim.o(.text)
    TIM_ClearOC2Ref                          0x080080f3   Thumb Code    24  stm32f10x_tim.o(.text)
    TIM_ClearOC3Ref                          0x0800810b   Thumb Code    18  stm32f10x_tim.o(.text)
    TIM_ClearOC4Ref                          0x0800811d   Thumb Code    24  stm32f10x_tim.o(.text)
    TIM_OC1PolarityConfig                    0x08008135   Thumb Code    18  stm32f10x_tim.o(.text)
    TIM_OC1NPolarityConfig                   0x08008147   Thumb Code    18  stm32f10x_tim.o(.text)
    TIM_OC2PolarityConfig                    0x08008159   Thumb Code    26  stm32f10x_tim.o(.text)
    TIM_OC2NPolarityConfig                   0x08008173   Thumb Code    26  stm32f10x_tim.o(.text)
    TIM_OC3PolarityConfig                    0x0800818d   Thumb Code    26  stm32f10x_tim.o(.text)
    TIM_OC3NPolarityConfig                   0x080081a7   Thumb Code    26  stm32f10x_tim.o(.text)
    TIM_OC4PolarityConfig                    0x080081c1   Thumb Code    26  stm32f10x_tim.o(.text)
    TIM_CCxCmd                               0x080081db   Thumb Code    30  stm32f10x_tim.o(.text)
    TIM_CCxNCmd                              0x080081f9   Thumb Code    30  stm32f10x_tim.o(.text)
    TIM_SelectOCxM                           0x08008217   Thumb Code    82  stm32f10x_tim.o(.text)
    TIM_UpdateDisableConfig                  0x08008269   Thumb Code    24  stm32f10x_tim.o(.text)
    TIM_UpdateRequestConfig                  0x08008281   Thumb Code    24  stm32f10x_tim.o(.text)
    TIM_SelectHallSensor                     0x08008299   Thumb Code    24  stm32f10x_tim.o(.text)
    TIM_SelectOnePulseMode                   0x080082b1   Thumb Code    18  stm32f10x_tim.o(.text)
    TIM_SelectOutputTrigger                  0x080082c3   Thumb Code    18  stm32f10x_tim.o(.text)
    TIM_SelectSlaveMode                      0x080082d5   Thumb Code    18  stm32f10x_tim.o(.text)
    TIM_SelectMasterSlaveMode                0x080082e7   Thumb Code    18  stm32f10x_tim.o(.text)
    TIM_SetCounter                           0x080082f9   Thumb Code     4  stm32f10x_tim.o(.text)
    TIM_SetAutoreload                        0x080082fd   Thumb Code     4  stm32f10x_tim.o(.text)
    TIM_SetCompare1                          0x08008301   Thumb Code     4  stm32f10x_tim.o(.text)
    TIM_SetCompare2                          0x08008305   Thumb Code     4  stm32f10x_tim.o(.text)
    TIM_SetCompare3                          0x08008309   Thumb Code     4  stm32f10x_tim.o(.text)
    TIM_SetCompare4                          0x0800830d   Thumb Code     6  stm32f10x_tim.o(.text)
    TIM_SetClockDivision                     0x08008313   Thumb Code    18  stm32f10x_tim.o(.text)
    TIM_GetCapture1                          0x08008325   Thumb Code     6  stm32f10x_tim.o(.text)
    TIM_GetCapture2                          0x0800832b   Thumb Code     6  stm32f10x_tim.o(.text)
    TIM_GetCapture3                          0x08008331   Thumb Code     6  stm32f10x_tim.o(.text)
    TIM_GetCapture4                          0x08008337   Thumb Code     8  stm32f10x_tim.o(.text)
    TIM_GetCounter                           0x0800833f   Thumb Code     6  stm32f10x_tim.o(.text)
    TIM_GetPrescaler                         0x08008345   Thumb Code     6  stm32f10x_tim.o(.text)
    TIM_GetFlagStatus                        0x0800834b   Thumb Code    18  stm32f10x_tim.o(.text)
    TIM_ClearFlag                            0x0800835d   Thumb Code     6  stm32f10x_tim.o(.text)
    TIM_GetITStatus                          0x08008363   Thumb Code    34  stm32f10x_tim.o(.text)
    TIM_ClearITPendingBit                    0x08008385   Thumb Code     6  stm32f10x_tim.o(.text)
    USART_DeInit                             0x0800838d   Thumb Code   134  stm32f10x_usart.o(.text)
    USART_Init                               0x08008413   Thumb Code   210  stm32f10x_usart.o(.text)
    USART_StructInit                         0x080084e5   Thumb Code    24  stm32f10x_usart.o(.text)
    USART_ClockInit                          0x080084fd   Thumb Code    34  stm32f10x_usart.o(.text)
    USART_ClockStructInit                    0x0800851f   Thumb Code    12  stm32f10x_usart.o(.text)
    USART_Cmd                                0x0800852b   Thumb Code    24  stm32f10x_usart.o(.text)
    USART_ITConfig                           0x08008543   Thumb Code    74  stm32f10x_usart.o(.text)
    USART_DMACmd                             0x0800858d   Thumb Code    18  stm32f10x_usart.o(.text)
    USART_SetAddress                         0x0800859f   Thumb Code    18  stm32f10x_usart.o(.text)
    USART_WakeUpConfig                       0x080085b1   Thumb Code    18  stm32f10x_usart.o(.text)
    USART_ReceiverWakeUpCmd                  0x080085c3   Thumb Code    24  stm32f10x_usart.o(.text)
    USART_LINBreakDetectLengthConfig         0x080085db   Thumb Code    18  stm32f10x_usart.o(.text)
    USART_LINCmd                             0x080085ed   Thumb Code    24  stm32f10x_usart.o(.text)
    USART_SendData                           0x08008605   Thumb Code     8  stm32f10x_usart.o(.text)
    USART_ReceiveData                        0x0800860d   Thumb Code    10  stm32f10x_usart.o(.text)
    USART_SendBreak                          0x08008617   Thumb Code    10  stm32f10x_usart.o(.text)
    USART_SetGuardTime                       0x08008621   Thumb Code    16  stm32f10x_usart.o(.text)
    USART_SetPrescaler                       0x08008631   Thumb Code    16  stm32f10x_usart.o(.text)
    USART_SmartCardCmd                       0x08008641   Thumb Code    24  stm32f10x_usart.o(.text)
    USART_SmartCardNACKCmd                   0x08008659   Thumb Code    24  stm32f10x_usart.o(.text)
    USART_HalfDuplexCmd                      0x08008671   Thumb Code    24  stm32f10x_usart.o(.text)
    USART_OverSampling8Cmd                   0x08008689   Thumb Code    22  stm32f10x_usart.o(.text)
    USART_OneBitMethodCmd                    0x0800869f   Thumb Code    24  stm32f10x_usart.o(.text)
    USART_IrDAConfig                         0x080086b7   Thumb Code    18  stm32f10x_usart.o(.text)
    USART_IrDACmd                            0x080086c9   Thumb Code    24  stm32f10x_usart.o(.text)
    USART_GetFlagStatus                      0x080086e1   Thumb Code    26  stm32f10x_usart.o(.text)
    USART_ClearFlag                          0x080086fb   Thumb Code    18  stm32f10x_usart.o(.text)
    USART_GetITStatus                        0x0800870d   Thumb Code    84  stm32f10x_usart.o(.text)
    USART_ClearITPendingBit                  0x08008761   Thumb Code    52  stm32f10x_usart.o(.text)
    FSMC_NORSRAMDeInit                       0x08008795   Thumb Code    54  stm32f10x_fsmc.o(.text)
    FSMC_NANDDeInit                          0x080087cb   Thumb Code    62  stm32f10x_fsmc.o(.text)
    FSMC_PCCARDDeInit                        0x08008809   Thumb Code    36  stm32f10x_fsmc.o(.text)
    FSMC_NORSRAMInit                         0x0800882d   Thumb Code   230  stm32f10x_fsmc.o(.text)
    FSMC_NANDInit                            0x08008913   Thumb Code   132  stm32f10x_fsmc.o(.text)
    FSMC_PCCARDInit                          0x08008997   Thumb Code   130  stm32f10x_fsmc.o(.text)
    FSMC_NORSRAMStructInit                   0x08008a19   Thumb Code   114  stm32f10x_fsmc.o(.text)
    FSMC_NANDStructInit                      0x08008a8b   Thumb Code    54  stm32f10x_fsmc.o(.text)
    FSMC_PCCARDStructInit                    0x08008ac1   Thumb Code    60  stm32f10x_fsmc.o(.text)
    FSMC_NORSRAMCmd                          0x08008afd   Thumb Code    46  stm32f10x_fsmc.o(.text)
    FSMC_NANDCmd                             0x08008b2b   Thumb Code    86  stm32f10x_fsmc.o(.text)
    FSMC_PCCARDCmd                           0x08008b81   Thumb Code    44  stm32f10x_fsmc.o(.text)
    FSMC_NANDECCCmd                          0x08008bad   Thumb Code    90  stm32f10x_fsmc.o(.text)
    FSMC_GetECC                              0x08008c07   Thumb Code    24  stm32f10x_fsmc.o(.text)
    FSMC_ITConfig                            0x08008c1f   Thumb Code   128  stm32f10x_fsmc.o(.text)
    FSMC_GetFlagStatus                       0x08008c9f   Thumb Code    54  stm32f10x_fsmc.o(.text)
    FSMC_ClearFlag                           0x08008cd5   Thumb Code    62  stm32f10x_fsmc.o(.text)
    FSMC_GetITStatus                         0x08008d13   Thumb Code    64  stm32f10x_fsmc.o(.text)
    FSMC_ClearITPendingBit                   0x08008d53   Thumb Code    68  stm32f10x_fsmc.o(.text)
    ADC_DeInit                               0x08008da1   Thumb Code    78  stm32f10x_adc.o(.text)
    ADC_Init                                 0x08008def   Thumb Code    70  stm32f10x_adc.o(.text)
    ADC_StructInit                           0x08008e35   Thumb Code    18  stm32f10x_adc.o(.text)
    ADC_Cmd                                  0x08008e47   Thumb Code    22  stm32f10x_adc.o(.text)
    ADC_DMACmd                               0x08008e5d   Thumb Code    22  stm32f10x_adc.o(.text)
    ADC_ITConfig                             0x08008e73   Thumb Code    24  stm32f10x_adc.o(.text)
    ADC_ResetCalibration                     0x08008e8b   Thumb Code    10  stm32f10x_adc.o(.text)
    ADC_GetResetCalibrationStatus            0x08008e95   Thumb Code    20  stm32f10x_adc.o(.text)
    ADC_StartCalibration                     0x08008ea9   Thumb Code    10  stm32f10x_adc.o(.text)
    ADC_GetCalibrationStatus                 0x08008eb3   Thumb Code    20  stm32f10x_adc.o(.text)
    ADC_SoftwareStartConvCmd                 0x08008ec7   Thumb Code    22  stm32f10x_adc.o(.text)
    ADC_GetSoftwareStartConvStatus           0x08008edd   Thumb Code    20  stm32f10x_adc.o(.text)
    ADC_DiscModeChannelCountConfig           0x08008ef1   Thumb Code    24  stm32f10x_adc.o(.text)
    ADC_DiscModeCmd                          0x08008f09   Thumb Code    22  stm32f10x_adc.o(.text)
    ADC_RegularChannelConfig                 0x08008f1f   Thumb Code   184  stm32f10x_adc.o(.text)
    ADC_ExternalTrigConvCmd                  0x08008fd7   Thumb Code    22  stm32f10x_adc.o(.text)
    ADC_GetConversionValue                   0x08008fed   Thumb Code     8  stm32f10x_adc.o(.text)
    ADC_GetDualModeConversionValue           0x08008ff5   Thumb Code     8  stm32f10x_adc.o(.text)
    ADC_AutoInjectedConvCmd                  0x08008ffd   Thumb Code    22  stm32f10x_adc.o(.text)
    ADC_InjectedDiscModeCmd                  0x08009013   Thumb Code    22  stm32f10x_adc.o(.text)
    ADC_ExternalTrigInjectedConvConfig       0x08009029   Thumb Code    16  stm32f10x_adc.o(.text)
    ADC_ExternalTrigInjectedConvCmd          0x08009039   Thumb Code    22  stm32f10x_adc.o(.text)
    ADC_SoftwareStartInjectedConvCmd         0x0800904f   Thumb Code    22  stm32f10x_adc.o(.text)
    ADC_GetSoftwareStartInjectedConvCmdStatus 0x08009065   Thumb Code    20  stm32f10x_adc.o(.text)
    ADC_InjectedChannelConfig                0x08009079   Thumb Code   130  stm32f10x_adc.o(.text)
    ADC_InjectedSequencerLengthConfig        0x080090fb   Thumb Code    24  stm32f10x_adc.o(.text)
    ADC_SetInjectedOffset                    0x08009113   Thumb Code    20  stm32f10x_adc.o(.text)
    ADC_GetInjectedConversionValue           0x08009127   Thumb Code    28  stm32f10x_adc.o(.text)
    ADC_AnalogWatchdogCmd                    0x08009143   Thumb Code    16  stm32f10x_adc.o(.text)
    ADC_AnalogWatchdogThresholdsConfig       0x08009153   Thumb Code     6  stm32f10x_adc.o(.text)
    ADC_AnalogWatchdogSingleChannelConfig    0x08009159   Thumb Code    16  stm32f10x_adc.o(.text)
    ADC_TempSensorVrefintCmd                 0x08009169   Thumb Code    64  stm32f10x_adc.o(.text)
    ADC_GetFlagStatus                        0x080091a9   Thumb Code    18  stm32f10x_adc.o(.text)
    ADC_ClearFlag                            0x080091bb   Thumb Code     6  stm32f10x_adc.o(.text)
    ADC_GetITStatus                          0x080091c1   Thumb Code    36  stm32f10x_adc.o(.text)
    ADC_ClearITPendingBit                    0x080091e5   Thumb Code    10  stm32f10x_adc.o(.text)
    EXTI_DeInit                              0x080091f1   Thumb Code    28  stm32f10x_exti.o(.text)
    EXTI_Init                                0x0800920d   Thumb Code   142  stm32f10x_exti.o(.text)
    EXTI_StructInit                          0x0800929b   Thumb Code    16  stm32f10x_exti.o(.text)
    EXTI_GenerateSWInterrupt                 0x080092ab   Thumb Code    16  stm32f10x_exti.o(.text)
    EXTI_GetFlagStatus                       0x080092bb   Thumb Code    22  stm32f10x_exti.o(.text)
    EXTI_ClearFlag                           0x080092d1   Thumb Code     8  stm32f10x_exti.o(.text)
    EXTI_GetITStatus                         0x080092d9   Thumb Code    34  stm32f10x_exti.o(.text)
    EXTI_ClearITPendingBit                   0x080092fb   Thumb Code     8  stm32f10x_exti.o(.text)
    Standard_GetConfiguration                0x0800930d   Thumb Code    34  usb_core.o(.text)
    Standard_SetConfiguration                0x0800932f   Thumb Code    60  usb_core.o(.text)
    Standard_GetInterface                    0x0800936b   Thumb Code    34  usb_core.o(.text)
    Standard_SetInterface                    0x0800938d   Thumb Code    96  usb_core.o(.text)
    Standard_GetStatus                       0x080093ed   Thumb Code   238  usb_core.o(.text)
    Standard_ClearFeature                    0x080094db   Thumb Code   342  usb_core.o(.text)
    Standard_SetEndPointFeature              0x08009631   Thumb Code   220  usb_core.o(.text)
    Standard_SetDeviceFeature                0x0800970d   Thumb Code    30  usb_core.o(.text)
    Standard_GetDescriptorData               0x0800972b   Thumb Code    32  usb_core.o(.text)
    Post0_Process                            0x08009c5f   Thumb Code    54  usb_core.o(.text)
    Setup0_Process                           0x08009c95   Thumb Code   170  usb_core.o(.text)
    SetDeviceAddress                         0x08009d3f   Thumb Code    70  usb_core.o(.text)
    In0_Process                              0x08009d85   Thumb Code    98  usb_core.o(.text)
    Out0_Process                             0x08009de7   Thumb Code    70  usb_core.o(.text)
    NOP_Process                              0x08009e2d   Thumb Code     2  usb_core.o(.text)
    CTR_LP                                   0x08009e5d   Thumb Code   616  usb_int.o(.text)
    CTR_HP                                   0x0800a0c5   Thumb Code   178  usb_int.o(.text)
    UserToPMABufferCopy                      0x0800a199   Thumb Code    52  usb_mem.o(.text)
    PMAToUserBufferCopy                      0x0800a1cd   Thumb Code    34  usb_mem.o(.text)
    SetCNTR                                  0x0800a1f5   Thumb Code     6  usb_regs.o(.text)
    GetCNTR                                  0x0800a1fb   Thumb Code     8  usb_regs.o(.text)
    SetISTR                                  0x0800a203   Thumb Code     8  usb_regs.o(.text)
    GetISTR                                  0x0800a20b   Thumb Code    10  usb_regs.o(.text)
    GetFNR                                   0x0800a215   Thumb Code    10  usb_regs.o(.text)
    SetDADDR                                 0x0800a21f   Thumb Code     8  usb_regs.o(.text)
    GetDADDR                                 0x0800a227   Thumb Code    10  usb_regs.o(.text)
    SetBTABLE                                0x0800a231   Thumb Code    14  usb_regs.o(.text)
    GetBTABLE                                0x0800a23f   Thumb Code    10  usb_regs.o(.text)
    SetENDPOINT                              0x0800a249   Thumb Code    12  usb_regs.o(.text)
    GetENDPOINT                              0x0800a255   Thumb Code    16  usb_regs.o(.text)
    SetEPType                                0x0800a265   Thumb Code    32  usb_regs.o(.text)
    GetEPType                                0x0800a285   Thumb Code    18  usb_regs.o(.text)
    SetEPTxStatus                            0x0800a297   Thumb Code    60  usb_regs.o(.text)
    SetEPRxStatus                            0x0800a2d3   Thumb Code    60  usb_regs.o(.text)
    SetDouBleBuffEPStall                     0x0800a30f   Thumb Code    54  usb_regs.o(.text)
    GetEPTxStatus                            0x0800a345   Thumb Code    18  usb_regs.o(.text)
    GetEPRxStatus                            0x0800a357   Thumb Code    18  usb_regs.o(.text)
    SetEPTxValid                             0x0800a369   Thumb Code    48  usb_regs.o(.text)
    SetEPRxValid                             0x0800a399   Thumb Code    48  usb_regs.o(.text)
    SetEP_KIND                               0x0800a3c9   Thumb Code    38  usb_regs.o(.text)
    ClearEP_KIND                             0x0800a3ef   Thumb Code    34  usb_regs.o(.text)
    Clear_Status_Out                         0x0800a411   Thumb Code    34  usb_regs.o(.text)
    Set_Status_Out                           0x0800a433   Thumb Code    38  usb_regs.o(.text)
    SetEPDoubleBuff                          0x0800a459   Thumb Code    38  usb_regs.o(.text)
    ClearEPDoubleBuff                        0x0800a47f   Thumb Code    34  usb_regs.o(.text)
    GetTxStallStatus                         0x0800a4a1   Thumb Code    28  usb_regs.o(.text)
    GetRxStallStatus                         0x0800a4bd   Thumb Code    30  usb_regs.o(.text)
    ClearEP_CTR_RX                           0x0800a4db   Thumb Code    32  usb_regs.o(.text)
    ClearEP_CTR_TX                           0x0800a4fb   Thumb Code    28  usb_regs.o(.text)
    ToggleDTOG_RX                            0x0800a517   Thumb Code    34  usb_regs.o(.text)
    ToggleDTOG_TX                            0x0800a539   Thumb Code    34  usb_regs.o(.text)
    ClearDTOG_RX                             0x0800a55b   Thumb Code    48  usb_regs.o(.text)
    ClearDTOG_TX                             0x0800a58b   Thumb Code    48  usb_regs.o(.text)
    SetEPAddress                             0x0800a5bb   Thumb Code    46  usb_regs.o(.text)
    GetEPAddress                             0x0800a5e9   Thumb Code    18  usb_regs.o(.text)
    SetEPTxAddr                              0x0800a5fb   Thumb Code    24  usb_regs.o(.text)
    SetEPRxAddr                              0x0800a613   Thumb Code    26  usb_regs.o(.text)
    GetEPTxAddr                              0x0800a62d   Thumb Code    22  usb_regs.o(.text)
    GetEPRxAddr                              0x0800a643   Thumb Code    24  usb_regs.o(.text)
    SetEPTxCount                             0x0800a65b   Thumb Code    20  usb_regs.o(.text)
    SetEPCountRxReg                          0x0800a66f   Thumb Code    48  usb_regs.o(.text)
    SetEPRxCount                             0x0800a69f   Thumb Code    68  usb_regs.o(.text)
    GetEPTxCount                             0x0800a6e3   Thumb Code    26  usb_regs.o(.text)
    GetEPRxCount                             0x0800a6fd   Thumb Code    26  usb_regs.o(.text)
    SetEPDblBuffAddr                         0x0800a717   Thumb Code    44  usb_regs.o(.text)
    SetEPDblBuf0Addr                         0x0800a743   Thumb Code    24  usb_regs.o(.text)
    SetEPDblBuf1Addr                         0x0800a75b   Thumb Code    26  usb_regs.o(.text)
    GetEPDblBuf0Addr                         0x0800a775   Thumb Code    22  usb_regs.o(.text)
    GetEPDblBuf1Addr                         0x0800a78b   Thumb Code    24  usb_regs.o(.text)
    SetEPDblBuffCount                        0x0800a7a3   Thumb Code   186  usb_regs.o(.text)
    SetEPDblBuf0Count                        0x0800a85d   Thumb Code    96  usb_regs.o(.text)
    SetEPDblBuf1Count                        0x0800a8bd   Thumb Code    96  usb_regs.o(.text)
    GetEPDblBuf0Count                        0x0800a91d   Thumb Code    26  usb_regs.o(.text)
    GetEPDblBuf1Count                        0x0800a937   Thumb Code    26  usb_regs.o(.text)
    GetEPDblBufDir                           0x0800a951   Thumb Code    62  usb_regs.o(.text)
    FreeUserBuffer                           0x0800a98f   Thumb Code    90  usb_regs.o(.text)
    ToWord                                   0x0800a9e9   Thumb Code     8  usb_regs.o(.text)
    ByteSwap                                 0x0800a9f1   Thumb Code    12  usb_regs.o(.text)
    USB_SIL_Init                             0x0800a9fd   Thumb Code    28  usb_sil.o(.text)
    USB_SIL_Write                            0x0800aa19   Thumb Code    46  usb_sil.o(.text)
    USB_SIL_Read                             0x0800aa47   Thumb Code    46  usb_sil.o(.text)
    USBWakeUp_IRQHandler                     0x0800aa7d   Thumb Code    12  hw_config.o(.text)
    USB_LP_CAN1_RX0_IRQHandler               0x0800aa89   Thumb Code     8  hw_config.o(.text)
    Set_USBClock                             0x0800aa91   Thumb Code    18  hw_config.o(.text)
    Enter_LowPowerMode                       0x0800aaa3   Thumb Code    16  hw_config.o(.text)
    Leave_LowPowerMode                       0x0800aab3   Thumb Code    30  hw_config.o(.text)
    USB_Interrupts_Config                    0x0800aad1   Thumb Code    84  hw_config.o(.text)
    USB_Cable_Config                         0x0800ab25   Thumb Code    22  hw_config.o(.text)
    USB_Port_Set                             0x0800ab3b   Thumb Code    74  hw_config.o(.text)
    IntToUnicode                             0x0800ab85   Thumb Code    62  hw_config.o(.text)
    Get_SerialNum                            0x0800abc3   Thumb Code    42  hw_config.o(.text)
    USART_Config                             0x0800abed   Thumb Code    62  hw_config.o(.text)
    USB_To_USART_Send_Data                   0x0800ac2b   Thumb Code   120  hw_config.o(.text)
    USB_USART_SendData                       0x0800aca3   Thumb Code    42  hw_config.o(.text)
    usb_printf                               0x0800accd   Thumb Code    56  hw_config.o(.text)
    EP1_IN_Callback                          0x0800ae01   Thumb Code   138  usb_endp.o(.text)
    EP3_OUT_Callback                         0x0800ae8b   Thumb Code    28  usb_endp.o(.text)
    SOF_Callback                             0x0800aea7   Thumb Code    38  usb_endp.o(.text)
    USB_Istr                                 0x0800aedd   Thumb Code   426  usb_istr.o(.text)
    Virtual_Com_Port_init                    0x0800b0ad   Thumb Code    30  usb_prop.o(.text)
    Virtual_Com_Port_Reset                   0x0800b0cb   Thumb Code   216  usb_prop.o(.text)
    Virtual_Com_Port_SetConfiguration        0x0800b1a3   Thumb Code    14  usb_prop.o(.text)
    Virtual_Com_Port_SetDeviceAddress        0x0800b1b1   Thumb Code     8  usb_prop.o(.text)
    Virtual_Com_Port_Status_In               0x0800b1b9   Thumb Code    22  usb_prop.o(.text)
    Virtual_Com_Port_Status_Out              0x0800b1cf   Thumb Code     2  usb_prop.o(.text)
    Virtual_Com_Port_SetLineCoding           0x0800b1d1   Thumb Code    20  usb_prop.o(.text)
    Virtual_Com_Port_GetLineCoding           0x0800b1e5   Thumb Code    20  usb_prop.o(.text)
    Virtual_Com_Port_Data_Setup              0x0800b1f9   Thumb Code    86  usb_prop.o(.text)
    Virtual_Com_Port_NoData_Setup            0x0800b24f   Thumb Code    36  usb_prop.o(.text)
    Virtual_Com_Port_GetDeviceDescriptor     0x0800b273   Thumb Code    14  usb_prop.o(.text)
    Virtual_Com_Port_GetConfigDescriptor     0x0800b281   Thumb Code    14  usb_prop.o(.text)
    Virtual_Com_Port_GetStringDescriptor     0x0800b28f   Thumb Code    32  usb_prop.o(.text)
    Virtual_Com_Port_Get_Interface_Setting   0x0800b2af   Thumb Code    22  usb_prop.o(.text)
    PowerOn                                  0x0800b2ed   Thumb Code    54  usb_pwr.o(.text)
    PowerOff                                 0x0800b323   Thumb Code    28  usb_pwr.o(.text)
    Suspend                                  0x0800b33f   Thumb Code   142  usb_pwr.o(.text)
    Resume_Init                              0x0800b3cd   Thumb Code    30  usb_pwr.o(.text)
    Resume                                   0x0800b3eb   Thumb Code   194  usb_pwr.o(.text)
    __use_no_semihosting                     0x0800b4c5   Thumb Code     2  use_no_semi_2.o(.text)
    __c89vsprintf                            0x0800b4c9   Thumb Code    32  c89vsprintf.o(.text)
    __2printf                                0x0800b4ed   Thumb Code    20  __2printf.o(.text)
    _printf_int_dec                          0x0800b505   Thumb Code   104  _printf_dec.o(.text)
    _printf_longlong_hex                     0x0800b57d   Thumb Code    86  _printf_hex_int_ll_ptr.o(.text)
    _printf_int_hex                          0x0800b5d3   Thumb Code    28  _printf_hex_int_ll_ptr.o(.text)
    _printf_ll_hex                           0x0800b5ef   Thumb Code    12  _printf_hex_int_ll_ptr.o(.text)
    _printf_hex_ptr                          0x0800b5fb   Thumb Code    18  _printf_hex_int_ll_ptr.o(.text)
    __printf                                 0x0800b611   Thumb Code   388  __printf_flags_ss_wp.o(.text)
    strlen                                   0x0800b799   Thumb Code    62  strlen.o(.text)
    __use_two_region_memory                  0x0800b7d7   Thumb Code     2  heapauxi.o(.text)
    __rt_heap_escrow$2region                 0x0800b7d9   Thumb Code     2  heapauxi.o(.text)
    __rt_heap_expand$2region                 0x0800b7db   Thumb Code     2  heapauxi.o(.text)
    __I$use$semihosting                      0x0800b7dd   Thumb Code     0  use_no_semi.o(.text)
    __use_no_semihosting_swi                 0x0800b7dd   Thumb Code     2  use_no_semi.o(.text)
    _printf_pre_padding                      0x0800b7df   Thumb Code    44  _printf_pad.o(.text)
    _printf_post_padding                     0x0800b80b   Thumb Code    34  _printf_pad.o(.text)
    _printf_truncate_signed                  0x0800b82d   Thumb Code    18  _printf_truncate.o(.text)
    _printf_truncate_unsigned                0x0800b83f   Thumb Code    18  _printf_truncate.o(.text)
    _printf_str                              0x0800b851   Thumb Code    82  _printf_str.o(.text)
    _printf_int_common                       0x0800b8a3   Thumb Code   178  _printf_intcommon.o(.text)
    _printf_charcount                        0x0800b955   Thumb Code    40  _printf_charcount.o(.text)
    _printf_char_common                      0x0800b987   Thumb Code    32  _printf_char_common.o(.text)
    _sputc                                   0x0800b9ad   Thumb Code    10  _sputc.o(.text)
    _printf_char_file                        0x0800b9b9   Thumb Code    32  _printf_char_file.o(.text)
    _printf_wctomb                           0x0800b9dd   Thumb Code   182  _printf_wctomb.o(.text)
    _printf_longlong_dec                     0x0800ba99   Thumb Code   108  _printf_longlong_dec.o(.text)
    _printf_longlong_oct                     0x0800bb15   Thumb Code    68  _printf_oct_int_ll.o(.text)
    _printf_int_oct                          0x0800bb59   Thumb Code    24  _printf_oct_int_ll.o(.text)
    _printf_ll_oct                           0x0800bb71   Thumb Code    12  _printf_oct_int_ll.o(.text)
    _ll_udiv10                               0x0800bb85   Thumb Code   138  lludiv10.o(.text)
    __lib_sel_fp_printf                      0x0800bc0f   Thumb Code     2  _printf_fp_dec.o(.text)
    _printf_fp_dec_real                      0x0800bdbd   Thumb Code   620  _printf_fp_dec.o(.text)
    _printf_cs_common                        0x0800c029   Thumb Code    20  _printf_char.o(.text)
    _printf_char                             0x0800c03d   Thumb Code    16  _printf_char.o(.text)
    _printf_string                           0x0800c04d   Thumb Code     8  _printf_char.o(.text)
    _printf_lcs_common                       0x0800c055   Thumb Code    20  _printf_wchar.o(.text)
    _printf_wchar                            0x0800c069   Thumb Code    16  _printf_wchar.o(.text)
    _printf_wstring                          0x0800c079   Thumb Code     8  _printf_wchar.o(.text)
    ferror                                   0x0800c081   Thumb Code     8  ferror.o(.text)
    _wcrtomb                                 0x0800c089   Thumb Code    64  _wcrtomb.o(.text)
    __user_setup_stackheap                   0x0800c0c9   Thumb Code    74  sys_stackheap_outer.o(.text)
    __rt_ctype_table                         0x0800c115   Thumb Code    16  rt_ctype_table.o(.text)
    __rt_locale                              0x0800c125   Thumb Code     8  rt_locale_intlibspace.o(.text)
    _printf_fp_infnan                        0x0800c12d   Thumb Code   112  _printf_fp_infnan.o(.text)
    _btod_etento                             0x0800c1ad   Thumb Code   216  bigflt0.o(.text)
    exit                                     0x0800c289   Thumb Code    18  exit.o(.text)
    __user_libspace                          0x0800c29d   Thumb Code     8  libspace.o(.text)
    __user_perproc_libspace                  0x0800c29d   Thumb Code     0  libspace.o(.text)
    __user_perthread_libspace                0x0800c29d   Thumb Code     0  libspace.o(.text)
    strcmp                                   0x0800c2a5   Thumb Code   128  strcmpv7m.o(.text)
    _btod_d2e                                0x0800c325   Thumb Code    62  btod.o(CL$$btod_d2e)
    _d2e_denorm_low                          0x0800c363   Thumb Code    70  btod.o(CL$$btod_d2e_denorm_low)
    _d2e_norm_op1                            0x0800c3a9   Thumb Code    96  btod.o(CL$$btod_d2e_norm_op1)
    __btod_div_common                        0x0800c409   Thumb Code   696  btod.o(CL$$btod_div_common)
    _e2e                                     0x0800c741   Thumb Code   198  btod.o(CL$$btod_e2e)
    _btod_ediv                               0x0800c807   Thumb Code    40  btod.o(CL$$btod_ediv)
    _btod_emul                               0x0800c82f   Thumb Code    40  btod.o(CL$$btod_emul)
    __btod_mult_common                       0x0800c857   Thumb Code   580  btod.o(CL$$btod_mult_common)
    __ARM_fpclassify                         0x0800ca9b   Thumb Code    40  fpclassify.o(i.__ARM_fpclassify)
    _is_digit                                0x0800cac3   Thumb Code    14  __printf_wp.o(i._is_digit)
    _get_lc_numeric                          0x0800cad1   Thumb Code    44  lc_numeric_c.o(locale$$code)
    _get_lc_ctype                            0x0800cafd   Thumb Code    44  lc_ctype_c.o(locale$$code)
    __aeabi_d2iz                             0x0800cb29   Thumb Code     0  dfix.o(x$fpl$dfix)
    _dfix                                    0x0800cb29   Thumb Code    94  dfix.o(x$fpl$dfix)
    __aeabi_d2uiz                            0x0800cb89   Thumb Code     0  dfixu.o(x$fpl$dfixu)
    _dfixu                                   0x0800cb89   Thumb Code    90  dfixu.o(x$fpl$dfixu)
    __aeabi_i2d                              0x0800cbe3   Thumb Code     0  dflt_clz.o(x$fpl$dflt)
    _dflt                                    0x0800cbe3   Thumb Code    46  dflt_clz.o(x$fpl$dflt)
    __aeabi_ui2d                             0x0800cc11   Thumb Code     0  dflt_clz.o(x$fpl$dfltu)
    _dfltu                                   0x0800cc11   Thumb Code    38  dflt_clz.o(x$fpl$dfltu)
    __aeabi_dmul                             0x0800cc39   Thumb Code     0  dmul.o(x$fpl$dmul)
    _dmul                                    0x0800cc39   Thumb Code   332  dmul.o(x$fpl$dmul)
    __fpl_dnaninf                            0x0800cd8d   Thumb Code   156  dnaninf.o(x$fpl$dnaninf)
    __fpl_dretinf                            0x0800ce29   Thumb Code    12  dretinf.o(x$fpl$dretinf)
    __aeabi_f2d                              0x0800ce35   Thumb Code     0  f2d.o(x$fpl$f2d)
    _f2d                                     0x0800ce35   Thumb Code    86  f2d.o(x$fpl$f2d)
    __aeabi_fadd                             0x0800ce8d   Thumb Code     0  faddsub_clz.o(x$fpl$fadd)
    _fadd                                    0x0800ce8d   Thumb Code   196  faddsub_clz.o(x$fpl$fadd)
    __aeabi_f2iz                             0x0800cf51   Thumb Code     0  ffix.o(x$fpl$ffix)
    _ffix                                    0x0800cf51   Thumb Code    54  ffix.o(x$fpl$ffix)
    __aeabi_i2f                              0x0800cf89   Thumb Code     0  fflt_clz.o(x$fpl$fflt)
    _fflt                                    0x0800cf89   Thumb Code    48  fflt_clz.o(x$fpl$fflt)
    __aeabi_fmul                             0x0800cfb9   Thumb Code     0  fmul.o(x$fpl$fmul)
    _fmul                                    0x0800cfb9   Thumb Code   258  fmul.o(x$fpl$fmul)
    __fpl_fnaninf                            0x0800d0bb   Thumb Code   140  fnaninf.o(x$fpl$fnaninf)
    __fpl_fretinf                            0x0800d147   Thumb Code    10  fretinf.o(x$fpl$fretinf)
    __aeabi_frsub                            0x0800d151   Thumb Code     0  faddsub_clz.o(x$fpl$frsb)
    _frsb                                    0x0800d151   Thumb Code    20  faddsub_clz.o(x$fpl$frsb)
    __aeabi_fsub                             0x0800d165   Thumb Code     0  faddsub_clz.o(x$fpl$fsub)
    _fsub                                    0x0800d165   Thumb Code   234  faddsub_clz.o(x$fpl$fsub)
    _printf_fp_dec                           0x0800d24f   Thumb Code     4  printf1.o(x$fpl$printf1)
    __I$use$fp                               0x0800d252   Number         0  usenofp.o(x$fpl$usenofp)
    asc2_1206                                0x0800d252   Data        1140  lcd.o(.constdata)
    asc2_1608                                0x0800d6c6   Data        1520  lcd.o(.constdata)
    asc2_2412                                0x0800dcb6   Data        3420  lcd.o(.constdata)
    Virtual_Com_Port_DeviceDescriptor        0x0800ea12   Data          18  usb_desc.o(.constdata)
    Virtual_Com_Port_ConfigDescriptor        0x0800ea24   Data          67  usb_desc.o(.constdata)
    Virtual_Com_Port_StringLangID            0x0800ea67   Data           4  usb_desc.o(.constdata)
    Virtual_Com_Port_StringVendor            0x0800ea6b   Data          38  usb_desc.o(.constdata)
    Virtual_Com_Port_StringProduct           0x0800ea91   Data          50  usb_desc.o(.constdata)
    Region$$Table$$Base                      0x0800eb98   Number         0  anon$$obj.o(Region$$Table)
    Region$$Table$$Limit                     0x0800ebb8   Number         0  anon$$obj.o(Region$$Table)
    __ctype                                  0x0800ebe1   Data           0  lc_ctype_c.o(locale$$data)
    new_flag                                 0x20000000   Data           4  main.o(.data)
    Real_Position1                           0x20000004   Data           4  main.o(.data)
    now_velocity1                            0x20000008   Data           4  main.o(.data)
    now_current1                             0x2000000c   Data           4  main.o(.data)
    Initcurrent1                             0x20000010   Data           4  main.o(.data)
    set_velocity1                            0x20000014   Data           4  main.o(.data)
    Set_Current1                             0x20000018   Data           4  main.o(.data)
    Real_Position2                           0x2000001c   Data           4  main.o(.data)
    now_velocity2                            0x20000020   Data           4  main.o(.data)
    now_current2                             0x20000024   Data           4  main.o(.data)
    Initcurrent2                             0x20000028   Data           4  main.o(.data)
    set_velocity2                            0x2000002c   Data           4  main.o(.data)
    Set_Current2                             0x20000030   Data           4  main.o(.data)
    Real_Position3                           0x20000034   Data           4  main.o(.data)
    now_velocity3                            0x20000038   Data           4  main.o(.data)
    now_current3                             0x2000003c   Data           4  main.o(.data)
    Initcurrent3                             0x20000040   Data           4  main.o(.data)
    set_velocity3                            0x20000044   Data           4  main.o(.data)
    Set_Current3                             0x20000048   Data           4  main.o(.data)
    user_set_velocity1                       0x2000004c   Data           4  main.o(.data)
    user_Set_Position1                       0x20000050   Data           4  main.o(.data)
    user_Set_Current1                        0x20000054   Data           4  main.o(.data)
    user_set_velocity2                       0x20000058   Data           4  main.o(.data)
    user_Set_Position2                       0x2000005c   Data           4  main.o(.data)
    user_Set_Current2                        0x20000060   Data           4  main.o(.data)
    user_set_velocity3                       0x20000064   Data           4  main.o(.data)
    user_Set_Position3                       0x20000068   Data           4  main.o(.data)
    user_Set_Current3                        0x2000006c   Data           4  main.o(.data)
    MODE                                     0x20000070   Data           4  main.o(.data)
    SystemCoreClock                          0x20000074   Data           4  system_stm32f10x.o(.data)
    AHBPrescTable                            0x20000078   Data          16  system_stm32f10x.o(.data)
    PID_v_add1                               0x20000088   Data           4  v_pid.o(.data)
    PID_v_add_set1                           0x2000008c   Data           4  v_pid.o(.data)
    PID_v_add2                               0x20000090   Data           4  v_pid.o(.data)
    PID_v_add_set2                           0x20000094   Data           4  v_pid.o(.data)
    PID_v_add3                               0x20000098   Data           4  v_pid.o(.data)
    PID_v_add_set3                           0x2000009c   Data           4  v_pid.o(.data)
    PID_P_add1                               0x200000a0   Data           4  p_pid.o(.data)
    Max_V                                    0x200000a4   Data           4  p_pid.o(.data)
    PID_P_add_set1                           0x200000a8   Data           4  p_pid.o(.data)
    PID_P_add2                               0x200000ac   Data           4  p_pid.o(.data)
    PID_P_add_set2                           0x200000b0   Data           4  p_pid.o(.data)
    PID_P_add3                               0x200000b4   Data           4  p_pid.o(.data)
    PID_P_add_set3                           0x200000b8   Data           4  p_pid.o(.data)
    PID_i_add1                               0x200000bc   Data           4  i_pid.o(.data)
    PID_i_add_set1                           0x200000c0   Data           4  i_pid.o(.data)
    PID_i_add2                               0x200000c4   Data           4  i_pid.o(.data)
    PID_i_add_set2                           0x200000c8   Data           4  i_pid.o(.data)
    PID_i_add3                               0x200000cc   Data           4  i_pid.o(.data)
    PID_i_add_set3                           0x200000d0   Data           4  i_pid.o(.data)
    Count1                                   0x200000d4   Data           4  timer.o(.data)
    Old_Could1                               0x200000d8   Data           4  timer.o(.data)
    Count2                                   0x200000dc   Data           4  timer.o(.data)
    Old_Could2                               0x200000e0   Data           4  timer.o(.data)
    Count3                                   0x200000e4   Data           4  timer.o(.data)
    Old_Could3                               0x200000e8   Data           4  timer.o(.data)
    POINT_COLOR                              0x200000ec   Data           2  lcd.o(.data)
    BACK_COLOR                               0x200000ee   Data           2  lcd.o(.data)
    __stdout                                 0x200000f4   Data           4  usart.o(.data)
    USART_RX_STA                             0x200000f8   Data           2  usart.o(.data)
    StatusInfo                               0x2000010e   Data           2  usb_core.o(.data)
    Data_Mul_MaxPacketSize                   0x20000110   Data           1  usb_core.o(.data)
    EPindex                                  0x20000114   Data           1  usb_init.o(.data)
    pInformation                             0x20000118   Data           4  usb_init.o(.data)
    pProperty                                0x2000011c   Data           4  usb_init.o(.data)
    SaveState                                0x20000120   Data           2  usb_init.o(.data)
    wInterrupt_Mask                          0x20000122   Data           2  usb_init.o(.data)
    pUser_Standard_Requests                  0x20000124   Data           4  usb_init.o(.data)
    SaveRState                               0x20000128   Data           2  usb_int.o(.data)
    SaveTState                               0x2000012a   Data           2  usb_int.o(.data)
    USB_USART_RX_STA                         0x2000012c   Data           2  hw_config.o(.data)
    Virtual_Com_Port_StringSerial            0x2000012e   Data          26  usb_desc.o(.data)
    wIstr                                    0x2000014c   Data           2  usb_istr.o(.data)
    bIntPackSOF                              0x2000014e   Data           1  usb_istr.o(.data)
    esof_counter                             0x20000150   Data           4  usb_istr.o(.data)
    wCNTR                                    0x20000154   Data           4  usb_istr.o(.data)
    pEpInt_IN                                0x20000158   Data          28  usb_istr.o(.data)
    pEpInt_OUT                               0x20000174   Data          28  usb_istr.o(.data)
    Request                                  0x20000190   Data           1  usb_prop.o(.data)
    linecoding                               0x20000194   Data           8  usb_prop.o(.data)
    Device_Table                             0x2000019c   Data           2  usb_prop.o(.data)
    Device_Property                          0x200001a0   Data          48  usb_prop.o(.data)
    User_Standard_Requests                   0x200001d0   Data          36  usb_prop.o(.data)
    Device_Descriptor                        0x200001f4   Data           8  usb_prop.o(.data)
    Config_Descriptor                        0x200001fc   Data           8  usb_prop.o(.data)
    String_Descriptor                        0x20000204   Data          32  usb_prop.o(.data)
    bDeviceState                             0x20000224   Data           4  usb_pwr.o(.data)
    fSuspendEnabled                          0x20000228   Data           1  usb_pwr.o(.data)
    ResumeS                                  0x20000229   Data           2  usb_pwr.o(.data)
    remotewakeupon                           0x2000022c   Data           4  usb_pwr.o(.data)
    PID_M1                                   0x20000230   Data          12  v_pid.o(.bss)
    PID_M2                                   0x2000023c   Data          12  v_pid.o(.bss)
    PID_M3                                   0x20000248   Data          12  v_pid.o(.bss)
    PID_P1                                   0x20000254   Data          12  p_pid.o(.bss)
    PID_P2                                   0x20000260   Data          12  p_pid.o(.bss)
    PID_P3                                   0x2000026c   Data          12  p_pid.o(.bss)
    PID_I1                                   0x20000278   Data          12  i_pid.o(.bss)
    PID_I2                                   0x20000284   Data          12  i_pid.o(.bss)
    PID_I3                                   0x20000290   Data          12  i_pid.o(.bss)
    lcddev                                   0x2000029c   Data          14  lcd.o(.bss)
    USART_RX_BUF                             0x200002aa   Data         200  usart.o(.bss)
    Device_Info                              0x20000374   Data          28  usb_init.o(.bss)
    uu_txfifo                                0x20000390   Data        1028  hw_config.o(.bss)
    USART_PRINTF_Buffer                      0x20000794   Data         200  hw_config.o(.bss)
    USB_USART_RX_BUF                         0x2000085c   Data         200  hw_config.o(.bss)
    USB_Rx_Buffer                            0x20000924   Data          64  usb_endp.o(.bss)
    EP                                       0x20000964   Data          32  usb_pwr.o(.bss)
    __libspace_start                         0x20000984   Data          96  libspace.o(.bss)
    __temporary_stack_top$libspace           0x200009e4   Data           0  libspace.o(.bss)



==============================================================================

Memory Map of the image

  Image Entry point : 0x08000131

  Load Region LR_IROM1 (Base: 0x08000000, Size: 0x0000ef14, Max: 0x00080000, ABSOLUTE, COMPRESSED[0x0000ed84])

    Execution Region ER_IROM1 (Base: 0x08000000, Size: 0x0000ece4, Max: 0x00080000, ABSOLUTE)

    Base Addr    Size         Type   Attr      Idx    E Section Name        Object

    0x08000000   0x00000130   Data   RO          494    RESET               startup_stm32f10x_hd.o
    0x08000130   0x00000008   Code   RO          905  * !!!main             c_w.l(__main.o)
    0x08000138   0x00000034   Code   RO         1219    !!!scatter          c_w.l(__scatter.o)
    0x0800016c   0x0000005a   Code   RO         1217    !!dczerorl2         c_w.l(__dczerorl2.o)
    0x080001c6   0x00000002   PAD
    0x080001c8   0x0000001c   Code   RO         1221    !!handler_zi        c_w.l(__scatter_zi.o)
    0x080001e4   0x00000000   Code   RO          900    .ARM.Collect$$_printf_percent$$00000000  c_w.l(_printf_percent.o)
    0x080001e4   0x00000006   Code   RO          975    .ARM.Collect$$_printf_percent$$00000001  c_w.l(_printf_n.o)
    0x080001ea   0x00000006   Code   RO          976    .ARM.Collect$$_printf_percent$$00000002  c_w.l(_printf_p.o)
    0x080001f0   0x00000006   Code   RO          980    .ARM.Collect$$_printf_percent$$00000003  c_w.l(_printf_f.o)
    0x080001f6   0x00000006   Code   RO          981    .ARM.Collect$$_printf_percent$$00000004  c_w.l(_printf_e.o)
    0x080001fc   0x00000006   Code   RO          982    .ARM.Collect$$_printf_percent$$00000005  c_w.l(_printf_g.o)
    0x08000202   0x00000006   Code   RO          983    .ARM.Collect$$_printf_percent$$00000006  c_w.l(_printf_a.o)
    0x08000208   0x0000000a   Code   RO          988    .ARM.Collect$$_printf_percent$$00000007  c_w.l(_printf_ll.o)
    0x08000212   0x00000006   Code   RO          978    .ARM.Collect$$_printf_percent$$00000008  c_w.l(_printf_i.o)
    0x08000218   0x00000006   Code   RO          899    .ARM.Collect$$_printf_percent$$00000009  c_w.l(_printf_d.o)
    0x0800021e   0x00000006   Code   RO          979    .ARM.Collect$$_printf_percent$$0000000A  c_w.l(_printf_u.o)
    0x08000224   0x00000006   Code   RO          977    .ARM.Collect$$_printf_percent$$0000000B  c_w.l(_printf_o.o)
    0x0800022a   0x00000006   Code   RO          898    .ARM.Collect$$_printf_percent$$0000000C  c_w.l(_printf_x.o)
    0x08000230   0x00000006   Code   RO          985    .ARM.Collect$$_printf_percent$$0000000D  c_w.l(_printf_lli.o)
    0x08000236   0x00000006   Code   RO          986    .ARM.Collect$$_printf_percent$$0000000E  c_w.l(_printf_lld.o)
    0x0800023c   0x00000006   Code   RO          987    .ARM.Collect$$_printf_percent$$0000000F  c_w.l(_printf_llu.o)
    0x08000242   0x00000006   Code   RO          992    .ARM.Collect$$_printf_percent$$00000010  c_w.l(_printf_llo.o)
    0x08000248   0x00000006   Code   RO          993    .ARM.Collect$$_printf_percent$$00000011  c_w.l(_printf_llx.o)
    0x0800024e   0x0000000a   Code   RO          989    .ARM.Collect$$_printf_percent$$00000012  c_w.l(_printf_l.o)
    0x08000258   0x00000006   Code   RO          973    .ARM.Collect$$_printf_percent$$00000013  c_w.l(_printf_c.o)
    0x0800025e   0x00000006   Code   RO          974    .ARM.Collect$$_printf_percent$$00000014  c_w.l(_printf_s.o)
    0x08000264   0x00000006   Code   RO          990    .ARM.Collect$$_printf_percent$$00000015  c_w.l(_printf_lc.o)
    0x0800026a   0x00000006   Code   RO          991    .ARM.Collect$$_printf_percent$$00000016  c_w.l(_printf_ls.o)
    0x08000270   0x00000004   Code   RO          984    .ARM.Collect$$_printf_percent$$00000017  c_w.l(_printf_percent_end.o)
    0x08000274   0x00000002   Code   RO         1082    .ARM.Collect$$libinit$$00000000  c_w.l(libinit.o)
    0x08000276   0x00000000   Code   RO         1098    .ARM.Collect$$libinit$$00000002  c_w.l(libinit2.o)
    0x08000276   0x00000000   Code   RO         1100    .ARM.Collect$$libinit$$00000004  c_w.l(libinit2.o)
    0x08000276   0x00000000   Code   RO         1103    .ARM.Collect$$libinit$$0000000A  c_w.l(libinit2.o)
    0x08000276   0x00000000   Code   RO         1105    .ARM.Collect$$libinit$$0000000C  c_w.l(libinit2.o)
    0x08000276   0x00000000   Code   RO         1107    .ARM.Collect$$libinit$$0000000E  c_w.l(libinit2.o)
    0x08000276   0x00000006   Code   RO         1108    .ARM.Collect$$libinit$$0000000F  c_w.l(libinit2.o)
    0x0800027c   0x00000000   Code   RO         1110    .ARM.Collect$$libinit$$00000011  c_w.l(libinit2.o)
    0x0800027c   0x0000000c   Code   RO         1111    .ARM.Collect$$libinit$$00000012  c_w.l(libinit2.o)
    0x08000288   0x00000000   Code   RO         1112    .ARM.Collect$$libinit$$00000013  c_w.l(libinit2.o)
    0x08000288   0x00000000   Code   RO         1114    .ARM.Collect$$libinit$$00000015  c_w.l(libinit2.o)
    0x08000288   0x0000000a   Code   RO         1115    .ARM.Collect$$libinit$$00000016  c_w.l(libinit2.o)
    0x08000292   0x00000000   Code   RO         1116    .ARM.Collect$$libinit$$00000017  c_w.l(libinit2.o)
    0x08000292   0x00000000   Code   RO         1118    .ARM.Collect$$libinit$$00000019  c_w.l(libinit2.o)
    0x08000292   0x00000000   Code   RO         1120    .ARM.Collect$$libinit$$0000001B  c_w.l(libinit2.o)
    0x08000292   0x00000000   Code   RO         1122    .ARM.Collect$$libinit$$0000001D  c_w.l(libinit2.o)
    0x08000292   0x00000000   Code   RO         1124    .ARM.Collect$$libinit$$0000001F  c_w.l(libinit2.o)
    0x08000292   0x00000000   Code   RO         1126    .ARM.Collect$$libinit$$00000021  c_w.l(libinit2.o)
    0x08000292   0x00000000   Code   RO         1128    .ARM.Collect$$libinit$$00000023  c_w.l(libinit2.o)
    0x08000292   0x00000000   Code   RO         1130    .ARM.Collect$$libinit$$00000025  c_w.l(libinit2.o)
    0x08000292   0x00000000   Code   RO         1134    .ARM.Collect$$libinit$$0000002C  c_w.l(libinit2.o)
    0x08000292   0x00000000   Code   RO         1136    .ARM.Collect$$libinit$$0000002E  c_w.l(libinit2.o)
    0x08000292   0x00000000   Code   RO         1138    .ARM.Collect$$libinit$$00000030  c_w.l(libinit2.o)
    0x08000292   0x00000000   Code   RO         1140    .ARM.Collect$$libinit$$00000032  c_w.l(libinit2.o)
    0x08000292   0x00000002   Code   RO         1141    .ARM.Collect$$libinit$$00000033  c_w.l(libinit2.o)
    0x08000294   0x00000002   Code   RO         1159    .ARM.Collect$$libshutdown$$00000000  c_w.l(libshutdown.o)
    0x08000296   0x00000000   Code   RO         1169    .ARM.Collect$$libshutdown$$00000002  c_w.l(libshutdown2.o)
    0x08000296   0x00000000   Code   RO         1171    .ARM.Collect$$libshutdown$$00000004  c_w.l(libshutdown2.o)
    0x08000296   0x00000000   Code   RO         1174    .ARM.Collect$$libshutdown$$00000007  c_w.l(libshutdown2.o)
    0x08000296   0x00000000   Code   RO         1177    .ARM.Collect$$libshutdown$$0000000A  c_w.l(libshutdown2.o)
    0x08000296   0x00000000   Code   RO         1179    .ARM.Collect$$libshutdown$$0000000C  c_w.l(libshutdown2.o)
    0x08000296   0x00000000   Code   RO         1182    .ARM.Collect$$libshutdown$$0000000F  c_w.l(libshutdown2.o)
    0x08000296   0x00000002   Code   RO         1183    .ARM.Collect$$libshutdown$$00000010  c_w.l(libshutdown2.o)
    0x08000298   0x00000000   Code   RO          945    .ARM.Collect$$rtentry$$00000000  c_w.l(__rtentry.o)
    0x08000298   0x00000000   Code   RO         1006    .ARM.Collect$$rtentry$$00000002  c_w.l(__rtentry2.o)
    0x08000298   0x00000006   Code   RO         1018    .ARM.Collect$$rtentry$$00000004  c_w.l(__rtentry4.o)
    0x0800029e   0x00000000   Code   RO         1008    .ARM.Collect$$rtentry$$00000009  c_w.l(__rtentry2.o)
    0x0800029e   0x00000004   Code   RO         1009    .ARM.Collect$$rtentry$$0000000A  c_w.l(__rtentry2.o)
    0x080002a2   0x00000000   Code   RO         1011    .ARM.Collect$$rtentry$$0000000C  c_w.l(__rtentry2.o)
    0x080002a2   0x00000008   Code   RO         1012    .ARM.Collect$$rtentry$$0000000D  c_w.l(__rtentry2.o)
    0x080002aa   0x00000002   Code   RO         1090    .ARM.Collect$$rtexit$$00000000  c_w.l(rtexit.o)
    0x080002ac   0x00000000   Code   RO         1143    .ARM.Collect$$rtexit$$00000002  c_w.l(rtexit2.o)
    0x080002ac   0x00000004   Code   RO         1144    .ARM.Collect$$rtexit$$00000003  c_w.l(rtexit2.o)
    0x080002b0   0x00000006   Code   RO         1145    .ARM.Collect$$rtexit$$00000004  c_w.l(rtexit2.o)
    0x080002b6   0x00000002   PAD
    0x080002b8   0x00000630   Code   RO            1    .text               main.o
    0x080008e8   0x0000001a   Code   RO          194    .text               stm32f10x_it.o
    0x08000902   0x00000002   PAD
    0x08000904   0x000001e0   Code   RO          235    .text               system_stm32f10x.o
    0x08000ae4   0x00000464   Code   RO          253    .text               v_pid.o
    0x08000f48   0x000004f4   Code   RO          273    .text               p_pid.o
    0x0800143c   0x00000472   Code   RO          294    .text               i_pid.o
    0x080018ae   0x00000002   PAD
    0x080018b0   0x0000004c   Code   RO          311    .text               led.o
    0x080018fc   0x000004dc   Code   RO          336    .text               timer.o
    0x08001dd8   0x00004a5c   Code   RO          364    .text               lcd.o
    0x08006834   0x00000228   Code   RO          391    .text               motor.o
    0x08006a5c   0x000000e4   Code   RO          403    .text               adc.o
    0x08006b40   0x000000d4   Code   RO          428    .text               delay.o
    0x08006c14   0x00000140   Code   RO          459    .text               usart.o
    0x08006d54   0x00000040   Code   RO          495    .text               startup_stm32f10x_hd.o
    0x08006d94   0x000000dc   Code   RO          499    .text               misc.o
    0x08006e70   0x0000035c   Code   RO          511    .text               stm32f10x_gpio.o
    0x080071cc   0x000003a4   Code   RO          523    .text               stm32f10x_rcc.o
    0x08007570   0x00000e1a   Code   RO          537    .text               stm32f10x_tim.o
    0x0800838a   0x00000002   PAD
    0x0800838c   0x00000408   Code   RO          549    .text               stm32f10x_usart.o
    0x08008794   0x0000060c   Code   RO          561    .text               stm32f10x_fsmc.o
    0x08008da0   0x0000044e   Code   RO          573    .text               stm32f10x_adc.o
    0x080091ee   0x00000002   PAD
    0x080091f0   0x0000011c   Code   RO          597    .text               stm32f10x_exti.o
    0x0800930c   0x00000b50   Code   RO          609    .text               usb_core.o
    0x08009e5c   0x0000033c   Code   RO          650    .text               usb_int.o
    0x0800a198   0x0000005c   Code   RO          674    .text               usb_mem.o
    0x0800a1f4   0x00000808   Code   RO          686    .text               usb_regs.o
    0x0800a9fc   0x00000080   Code   RO          698    .text               usb_sil.o
    0x0800aa7c   0x00000384   Code   RO          710    .text               hw_config.o
    0x0800ae00   0x000000dc   Code   RO          767    .text               usb_endp.o
    0x0800aedc   0x000001d0   Code   RO          783    .text               usb_istr.o
    0x0800b0ac   0x00000240   Code   RO          801    .text               usb_prop.o
    0x0800b2ec   0x000001d8   Code   RO          824    .text               usb_pwr.o
    0x0800b4c4   0x00000002   Code   RO          845    .text               c_w.l(use_no_semi_2.o)
    0x0800b4c6   0x00000002   PAD
    0x0800b4c8   0x00000024   Code   RO          847    .text               c_w.l(c89vsprintf.o)
    0x0800b4ec   0x00000018   Code   RO          849    .text               c_w.l(__2printf.o)
    0x0800b504   0x00000078   Code   RO          855    .text               c_w.l(_printf_dec.o)
    0x0800b57c   0x00000094   Code   RO          875    .text               c_w.l(_printf_hex_int_ll_ptr.o)
    0x0800b610   0x00000188   Code   RO          895    .text               c_w.l(__printf_flags_ss_wp.o)
    0x0800b798   0x0000003e   Code   RO          901    .text               c_w.l(strlen.o)
    0x0800b7d6   0x00000006   Code   RO          903    .text               c_w.l(heapauxi.o)
    0x0800b7dc   0x00000002   Code   RO          943    .text               c_w.l(use_no_semi.o)
    0x0800b7de   0x0000004e   Code   RO          946    .text               c_w.l(_printf_pad.o)
    0x0800b82c   0x00000024   Code   RO          948    .text               c_w.l(_printf_truncate.o)
    0x0800b850   0x00000052   Code   RO          950    .text               c_w.l(_printf_str.o)
    0x0800b8a2   0x000000b2   Code   RO          952    .text               c_w.l(_printf_intcommon.o)
    0x0800b954   0x00000028   Code   RO          954    .text               c_w.l(_printf_charcount.o)
    0x0800b97c   0x00000030   Code   RO          956    .text               c_w.l(_printf_char_common.o)
    0x0800b9ac   0x0000000a   Code   RO          958    .text               c_w.l(_sputc.o)
    0x0800b9b6   0x00000002   PAD
    0x0800b9b8   0x00000024   Code   RO          960    .text               c_w.l(_printf_char_file.o)
    0x0800b9dc   0x000000bc   Code   RO          962    .text               c_w.l(_printf_wctomb.o)
    0x0800ba98   0x0000007c   Code   RO          965    .text               c_w.l(_printf_longlong_dec.o)
    0x0800bb14   0x00000070   Code   RO          971    .text               c_w.l(_printf_oct_int_ll.o)
    0x0800bb84   0x0000008a   Code   RO         1020    .text               c_w.l(lludiv10.o)
    0x0800bc0e   0x0000041a   Code   RO         1022    .text               c_w.l(_printf_fp_dec.o)
    0x0800c028   0x0000002c   Code   RO         1026    .text               c_w.l(_printf_char.o)
    0x0800c054   0x0000002c   Code   RO         1028    .text               c_w.l(_printf_wchar.o)
    0x0800c080   0x00000008   Code   RO         1030    .text               c_w.l(ferror.o)
    0x0800c088   0x00000040   Code   RO         1034    .text               c_w.l(_wcrtomb.o)
    0x0800c0c8   0x0000004a   Code   RO         1036    .text               c_w.l(sys_stackheap_outer.o)
    0x0800c112   0x00000002   PAD
    0x0800c114   0x00000010   Code   RO         1038    .text               c_w.l(rt_ctype_table.o)
    0x0800c124   0x00000008   Code   RO         1043    .text               c_w.l(rt_locale_intlibspace.o)
    0x0800c12c   0x00000080   Code   RO         1045    .text               c_w.l(_printf_fp_infnan.o)
    0x0800c1ac   0x000000dc   Code   RO         1047    .text               c_w.l(bigflt0.o)
    0x0800c288   0x00000012   Code   RO         1075    .text               c_w.l(exit.o)
    0x0800c29a   0x00000002   PAD
    0x0800c29c   0x00000008   Code   RO         1087    .text               c_w.l(libspace.o)
    0x0800c2a4   0x00000080   Code   RO         1095    .text               c_w.l(strcmpv7m.o)
    0x0800c324   0x0000003e   Code   RO         1050    CL$$btod_d2e        c_w.l(btod.o)
    0x0800c362   0x00000046   Code   RO         1052    CL$$btod_d2e_denorm_low  c_w.l(btod.o)
    0x0800c3a8   0x00000060   Code   RO         1051    CL$$btod_d2e_norm_op1  c_w.l(btod.o)
    0x0800c408   0x00000338   Code   RO         1060    CL$$btod_div_common  c_w.l(btod.o)
    0x0800c740   0x000000c6   Code   RO         1057    CL$$btod_e2e        c_w.l(btod.o)
    0x0800c806   0x00000028   Code   RO         1054    CL$$btod_ediv       c_w.l(btod.o)
    0x0800c82e   0x00000028   Code   RO         1053    CL$$btod_emul       c_w.l(btod.o)
    0x0800c856   0x00000244   Code   RO         1059    CL$$btod_mult_common  c_w.l(btod.o)
    0x0800ca9a   0x00000028   Code   RO         1085    i.__ARM_fpclassify  m_ws.l(fpclassify.o)
    0x0800cac2   0x0000000e   Code   RO          888    i._is_digit         c_w.l(__printf_wp.o)
    0x0800cad0   0x0000002c   Code   RO         1073    locale$$code        c_w.l(lc_numeric_c.o)
    0x0800cafc   0x0000002c   Code   RO         1093    locale$$code        c_w.l(lc_ctype_c.o)
    0x0800cb28   0x0000005e   Code   RO          907    x$fpl$dfix          fz_ws.l(dfix.o)
    0x0800cb86   0x00000002   PAD
    0x0800cb88   0x0000005a   Code   RO          911    x$fpl$dfixu         fz_ws.l(dfixu.o)
    0x0800cbe2   0x0000002e   Code   RO          916    x$fpl$dflt          fz_ws.l(dflt_clz.o)
    0x0800cc10   0x00000026   Code   RO          915    x$fpl$dfltu         fz_ws.l(dflt_clz.o)
    0x0800cc36   0x00000002   PAD
    0x0800cc38   0x00000154   Code   RO          921    x$fpl$dmul          fz_ws.l(dmul.o)
    0x0800cd8c   0x0000009c   Code   RO          994    x$fpl$dnaninf       fz_ws.l(dnaninf.o)
    0x0800ce28   0x0000000c   Code   RO          996    x$fpl$dretinf       fz_ws.l(dretinf.o)
    0x0800ce34   0x00000056   Code   RO          923    x$fpl$f2d           fz_ws.l(f2d.o)
    0x0800ce8a   0x00000002   PAD
    0x0800ce8c   0x000000c4   Code   RO          925    x$fpl$fadd          fz_ws.l(faddsub_clz.o)
    0x0800cf50   0x00000036   Code   RO          931    x$fpl$ffix          fz_ws.l(ffix.o)
    0x0800cf86   0x00000002   PAD
    0x0800cf88   0x00000030   Code   RO          936    x$fpl$fflt          fz_ws.l(fflt_clz.o)
    0x0800cfb8   0x00000102   Code   RO          941    x$fpl$fmul          fz_ws.l(fmul.o)
    0x0800d0ba   0x0000008c   Code   RO          998    x$fpl$fnaninf       fz_ws.l(fnaninf.o)
    0x0800d146   0x0000000a   Code   RO         1000    x$fpl$fretinf       fz_ws.l(fretinf.o)
    0x0800d150   0x00000014   Code   RO          926    x$fpl$frsb          fz_ws.l(faddsub_clz.o)
    0x0800d164   0x000000ea   Code   RO          927    x$fpl$fsub          fz_ws.l(faddsub_clz.o)
    0x0800d24e   0x00000004   Code   RO         1002    x$fpl$printf1       fz_ws.l(printf1.o)
    0x0800d252   0x00000000   Code   RO         1004    x$fpl$usenofp       fz_ws.l(usenofp.o)
    0x0800d252   0x000017c0   Data   RO          366    .constdata          lcd.o
    0x0800ea12   0x000000b1   Data   RO          754    .constdata          usb_desc.o
    0x0800eac3   0x00000028   Data   RO          876    .constdata          c_w.l(_printf_hex_int_ll_ptr.o)
    0x0800eaeb   0x00000011   Data   RO          896    .constdata          c_w.l(__printf_flags_ss_wp.o)
    0x0800eafc   0x00000008   Data   RO          963    .constdata          c_w.l(_printf_wctomb.o)
    0x0800eb04   0x00000094   Data   RO         1048    .constdata          c_w.l(bigflt0.o)
    0x0800eb98   0x00000020   Data   RO         1215    Region$$Table       anon$$obj.o
    0x0800ebb8   0x0000001c   Data   RO         1072    locale$$data        c_w.l(lc_numeric_c.o)
    0x0800ebd4   0x00000110   Data   RO         1092    locale$$data        c_w.l(lc_ctype_c.o)


    Execution Region RW_IRAM1 (Base: 0x20000000, Size: 0x00000fe8, Max: 0x00010000, ABSOLUTE, COMPRESSED[0x000000a0])

    Base Addr    Size         Type   Attr      Idx    E Section Name        Object

    0x20000000   0x00000074   Data   RW            2    .data               main.o
    0x20000074   0x00000014   Data   RW          236    .data               system_stm32f10x.o
    0x20000088   0x00000018   Data   RW          255    .data               v_pid.o
    0x200000a0   0x0000001c   Data   RW          275    .data               p_pid.o
    0x200000bc   0x00000018   Data   RW          296    .data               i_pid.o
    0x200000d4   0x00000018   Data   RW          337    .data               timer.o
    0x200000ec   0x00000004   Data   RW          367    .data               lcd.o
    0x200000f0   0x00000004   Data   RW          429    .data               delay.o
    0x200000f4   0x00000006   Data   RW          461    .data               usart.o
    0x200000fa   0x00000014   Data   RW          524    .data               stm32f10x_rcc.o
    0x2000010e   0x00000003   Data   RW          610    .data               usb_core.o
    0x20000111   0x00000003   PAD
    0x20000114   0x00000014   Data   RW          629    .data               usb_init.o
    0x20000128   0x00000004   Data   RW          651    .data               usb_int.o
    0x2000012c   0x00000002   Data   RW          712    .data               hw_config.o
    0x2000012e   0x0000001a   Data   RW          755    .data               usb_desc.o
    0x20000148   0x00000004   Data   RW          769    .data               usb_endp.o
    0x2000014c   0x00000044   Data   RW          784    .data               usb_istr.o
    0x20000190   0x00000094   Data   RW          802    .data               usb_prop.o
    0x20000224   0x0000000c   Data   RW          826    .data               usb_pwr.o
    0x20000230   0x00000024   Zero   RW          254    .bss                v_pid.o
    0x20000254   0x00000024   Zero   RW          274    .bss                p_pid.o
    0x20000278   0x00000024   Zero   RW          295    .bss                i_pid.o
    0x2000029c   0x0000000e   Zero   RW          365    .bss                lcd.o
    0x200002aa   0x000000c8   Zero   RW          460    .bss                usart.o
    0x20000372   0x00000002   PAD
    0x20000374   0x0000001c   Zero   RW          628    .bss                usb_init.o
    0x20000390   0x00000594   Zero   RW          711    .bss                hw_config.o
    0x20000924   0x00000040   Zero   RW          768    .bss                usb_endp.o
    0x20000964   0x00000020   Zero   RW          825    .bss                usb_pwr.o
    0x20000984   0x00000060   Zero   RW         1088    .bss                c_w.l(libspace.o)
    0x200009e4   0x00000004   PAD
    0x200009e8   0x00000200   Zero   RW          493    HEAP                startup_stm32f10x_hd.o
    0x20000be8   0x00000400   Zero   RW          492    STACK               startup_stm32f10x_hd.o


==============================================================================

Image component sizes


      Code (inc. data)   RO Data    RW Data    ZI Data      Debug   Object Name

       228         10          0          0          0       1095   adc.o
       212         18          0          4          0       1035   delay.o
       900        252          0          2       1428       6205   hw_config.o
      1138         88          0         24         36       2702   i_pid.o
     19036        162       6080          4         14      22282   lcd.o
        76          8          0          0          0        495   led.o
      1584        384          0        116          0     285893   main.o
       220         22          0          0          0       1793   misc.o
       552         16          0          0          0       2288   motor.o
      1268         98          0         28         36       2929   p_pid.o
        64         26        304          0       1536        792   startup_stm32f10x_hd.o
      1102         26          0          0          0      11033   stm32f10x_adc.o
       284         10          0          0          0       2247   stm32f10x_exti.o
      1548         18          0          0          0       5371   stm32f10x_fsmc.o
       860         38          0          0          0       5725   stm32f10x_gpio.o
        26          0          0          0          0       1178   stm32f10x_it.o
       932         36          0         20          0       8900   stm32f10x_rcc.o
      3610         88          0          0          0      22832   stm32f10x_tim.o
      1032         22          0          0          0       8452   stm32f10x_usart.o
         0          0          0          0          0         32   sys.o
       480         38          0         20          0       1731   system_stm32f10x.o
      1244        130          0         24          0       2898   timer.o
       320         16          0          6        200       3126   usart.o
      2896        114          0          3          0       8567   usb_core.o
         0          0        177         26          0       1075   usb_desc.o
       220         16          0          4         64       1604   usb_endp.o
         0          0          0         20         28       3663   usb_init.o
       828         34          0          4          0       1963   usb_int.o
       464         38          0         68          0       1607   usb_istr.o
        92          6          0          0          0       1446   usb_mem.o
       576         40          0        148          0       7407   usb_prop.o
       472         32          0         12         32       2767   usb_pwr.o
      2056         20          0          0          0      12029   usb_regs.o
       128          8          0          0          0       1510   usb_sil.o
      1124        100          0         24         36       2949   v_pid.o

    ----------------------------------------------------------------------
     45580       1914       6593        560       3412     447621   Object Totals
         0          0         32          0          0          0   (incl. Generated)
         8          0          0          3          2          0   (incl. Padding)

    ----------------------------------------------------------------------

      Code (inc. data)   RO Data    RW Data    ZI Data      Debug   Library Member Name

        24          4          0          0          0         84   __2printf.o
        90          0          0          0          0          0   __dczerorl2.o
         8          0          0          0          0         68   __main.o
       392          4         17          0          0         92   __printf_flags_ss_wp.o
        14          0          0          0          0         68   __printf_wp.o
         0          0          0          0          0          0   __rtentry.o
        12          0          0          0          0          0   __rtentry2.o
         6          0          0          0          0          0   __rtentry4.o
        52          8          0          0          0          0   __scatter.o
        28          0          0          0          0          0   __scatter_zi.o
         6          0          0          0          0          0   _printf_a.o
         6          0          0          0          0          0   _printf_c.o
        44          0          0          0          0        108   _printf_char.o
        48          6          0          0          0         96   _printf_char_common.o
        36          4          0          0          0         80   _printf_char_file.o
        40          0          0          0          0         68   _printf_charcount.o
         6          0          0          0          0          0   _printf_d.o
       120         16          0          0          0         92   _printf_dec.o
         6          0          0          0          0          0   _printf_e.o
         6          0          0          0          0          0   _printf_f.o
      1050          0          0          0          0        216   _printf_fp_dec.o
       128         16          0          0          0         84   _printf_fp_infnan.o
         6          0          0          0          0          0   _printf_g.o
       148          4         40          0          0        160   _printf_hex_int_ll_ptr.o
         6          0          0          0          0          0   _printf_i.o
       178          0          0          0          0         88   _printf_intcommon.o
        10          0          0          0          0          0   _printf_l.o
         6          0          0          0          0          0   _printf_lc.o
        10          0          0          0          0          0   _printf_ll.o
         6          0          0          0          0          0   _printf_lld.o
         6          0          0          0          0          0   _printf_lli.o
         6          0          0          0          0          0   _printf_llo.o
         6          0          0          0          0          0   _printf_llu.o
         6          0          0          0          0          0   _printf_llx.o
       124         16          0          0          0         92   _printf_longlong_dec.o
         6          0          0          0          0          0   _printf_ls.o
         6          0          0          0          0          0   _printf_n.o
         6          0          0          0          0          0   _printf_o.o
       112          8          0          0          0        124   _printf_oct_int_ll.o
         6          0          0          0          0          0   _printf_p.o
        78          0          0          0          0        108   _printf_pad.o
         0          0          0          0          0          0   _printf_percent.o
         4          0          0          0          0          0   _printf_percent_end.o
         6          0          0          0          0          0   _printf_s.o
        82          0          0          0          0         80   _printf_str.o
        36          0          0          0          0         84   _printf_truncate.o
         6          0          0          0          0          0   _printf_u.o
        44          0          0          0          0        108   _printf_wchar.o
       188          6          8          0          0         92   _printf_wctomb.o
         6          0          0          0          0          0   _printf_x.o
        10          0          0          0          0         68   _sputc.o
        64          0          0          0          0         92   _wcrtomb.o
       220          4        148          0          0         96   bigflt0.o
      1910        128          0          0          0        672   btod.o
        36          4          0          0          0         76   c89vsprintf.o
        18          0          0          0          0         80   exit.o
         8          0          0          0          0         68   ferror.o
         6          0          0          0          0        152   heapauxi.o
        44         10        272          0          0         76   lc_ctype_c.o
        44         10         28          0          0         76   lc_numeric_c.o
         2          0          0          0          0          0   libinit.o
        30          0          0          0          0          0   libinit2.o
         2          0          0          0          0          0   libshutdown.o
         2          0          0          0          0          0   libshutdown2.o
         8          4          0          0         96         68   libspace.o
       138          0          0          0          0         80   lludiv10.o
        16          4          0          0          0         76   rt_ctype_table.o
         8          4          0          0          0         68   rt_locale_intlibspace.o
         2          0          0          0          0          0   rtexit.o
        10          0          0          0          0          0   rtexit2.o
       128          0          0          0          0         68   strcmpv7m.o
        62          0          0          0          0         76   strlen.o
        74          0          0          0          0         80   sys_stackheap_outer.o
         2          0          0          0          0         68   use_no_semi.o
         2          0          0          0          0         68   use_no_semi_2.o
        94          4          0          0          0         92   dfix.o
        90          4          0          0          0         92   dfixu.o
        84          0          0          0          0        136   dflt_clz.o
       340         12          0          0          0        104   dmul.o
       156          4          0          0          0         92   dnaninf.o
        12          0          0          0          0         68   dretinf.o
        86          4          0          0          0         84   f2d.o
       450          8          0          0          0        236   faddsub_clz.o
        54          4          0          0          0         84   ffix.o
        48          0          0          0          0         68   fflt_clz.o
       258          4          0          0          0         84   fmul.o
       140          4          0          0          0         84   fnaninf.o
        10          0          0          0          0         68   fretinf.o
         4          0          0          0          0         68   printf1.o
         0          0          0          0          0          0   usenofp.o
        40          0          0          0          0         68   fpclassify.o

    ----------------------------------------------------------------------
      7958        308        513          0        100       5528   Library Totals
        20          0          0          0          4          0   (incl. Padding)

    ----------------------------------------------------------------------

      Code (inc. data)   RO Data    RW Data    ZI Data      Debug   Library Name

      6072        260        513          0         96       4100   c_w.l
      1826         48          0          0          0       1360   fz_ws.l
        40          0          0          0          0         68   m_ws.l

    ----------------------------------------------------------------------
      7958        308        513          0        100       5528   Library Totals

    ----------------------------------------------------------------------

==============================================================================


      Code (inc. data)   RO Data    RW Data    ZI Data      Debug   

     53538       2222       7106        560       3512     447113   Grand Totals
     53538       2222       7106        160       3512     447113   ELF Image Totals (compressed)
     53538       2222       7106        160          0          0   ROM Totals

==============================================================================

    Total RO  Size (Code + RO Data)                60644 (  59.22kB)
    Total RW  Size (RW Data + ZI Data)              4072 (   3.98kB)
    Total ROM Size (Code + RO Data + RW Data)      60804 (  59.38kB)

==============================================================================

