<html>
<body>
<pre>
<h1>礦ision Build Log</h1>
<h2>Tool Versions:</h2>
IDE-Version: μVision V5.21.1.0
Copyright (C) 2016 ARM Ltd and ARM Germany GmbH. All rights reserved.
License Information: wang jding, cqupt, LIC=HF8PC-754LC-ZCAJY-I31XA-BUKXB-S54EK
 
Tool Versions:
Toolchain:       MDK-ARM Professional  Version: 5.21a
Toolchain Path:  C:\Keil_v5\ARM\ARMCC\Bin
C Compiler:      Armcc.exe V5.06 update 3 (build 300)
Assembler:       Armasm.exe V5.06 update 3 (build 300)
Linker/Locator:  ArmLink.exe V5.06 update 3 (build 300)
Library Manager: ArmAr.exe V5.06 update 3 (build 300)
Hex Converter:   FromElf.exe V5.06 update 3 (build 300)
CPU DLL:         SARMCM3.DLL V5.21a
Dialog DLL:      DCM.DLL V1.13.8.0
Target DLL:      Segger\JL2CM3.dll V2.99.23.0
Dialog DLL:      TCM.DLL V1.14.14.0
 
<h2>Project:</h2>
C:\Users\jding\OneDrive\代码\直流电机实验V4.0\USER\TIMER.uvprojx
Project File Date:  02/27/2019

<h2>Output:</h2>
*** Using Compiler 'V5.06 update 3 (build 300)', folder: 'C:\Keil_v5\ARM\ARMCC\Bin'
Rebuild target 'TIMER'
compiling stm32f10x_it.c...
compiling system_stm32f10x.c...
compiling main.c...
main.c(155): warning:  #177-D: variable "i" was declared but never referenced
     u16 t,i,len;
main.c(156): warning:  #177-D: variable "num" was declared but never referenced
  	 long num,sendnum;	
main.c(156): warning:  #177-D: variable "sendnum" was declared but never referenced
  	 long num,sendnum;	
main.c: 3 warnings, 0 errors
compiling v_pid.c...
compiling p_pid.c...
compiling i_pid.c...
compiling led.c...
compiling key.c...
compiling timer.c...
compiling adc.c...
compiling motor.c...
compiling lcd.c...
compiling delay.c...
compiling can.c...
compiling sys.c...
compiling core_cm3.c...
assembling startup_stm32f10x_hd.s...
compiling usart.c...
compiling misc.c...
compiling stm32f10x_gpio.c...
compiling stm32f10x_rcc.c...
compiling stm32f10x_usart.c...
compiling stm32f10x_tim.c...
compiling stm32f10x_fsmc.c...
compiling stm32f10x_exti.c...
compiling stm32f10x_can.c...
compiling stm32f10x_adc.c...
compiling usb_init.c...
compiling usb_int.c...
compiling usb_core.c...
compiling usb_mem.c...
compiling usb_regs.c...
compiling usb_sil.c...
compiling usb_desc.c...
compiling hw_config.c...
compiling usb_endp.c...
compiling usb_pwr.c...
compiling usb_prop.c...
compiling usb_istr.c...
linking...
Program Size: Code=53538 RO-data=7106 RW-data=560 ZI-data=3512  
FromELF: creating hex file...
"..\OBJ\TIMER.axf" - 0 Error(s), 3 Warning(s).

<h2>Collection of Component include folders:</h2>
  C:\Users\jding\OneDrive\代码\直流电机实验V4.0\USER\RTE
  C:\Keil_v5\ARM\PACK\Keil\STM32F1xx_DFP\2.2.0\Device\Include

<h2>Collection of Component Files used:</h2>
Build Time Elapsed:  00:00:14
</pre>
</body>
</html>
